Archive member included to satisfy reference by file (symbol)

.\CortexM0\ARM_GCC_541\Debug\v01.a(CyLib.o)
                              .\CortexM0\ARM_GCC_541\Debug\cyfitter_cfg.o (CyIntEnable)
.\CortexM0\ARM_GCC_541\Debug\v01.a(CyLFClk.o)
                              .\CortexM0\ARM_GCC_541\Debug\cyfitter_cfg.o (CySysWdtIsr)
.\CortexM0\ARM_GCC_541\Debug\v01.a(RF1_FUNCS.o)
                              .\CortexM0\ARM_GCC_541\Debug\Radio.o (RF1_set_channel)
.\CortexM0\ARM_GCC_541\Debug\v01.a(RF1_LL_SPI.o)
                              .\CortexM0\ARM_GCC_541\Debug\v01.a(RF1_FUNCS.o) (RF1_read_register)
.\CortexM0\ARM_GCC_541\Debug\v01.a(RF1_COMMANDS.o)
                              .\CortexM0\ARM_GCC_541\Debug\v01.a(RF1_FUNCS.o) (RF1_reuse_tx_payload_cmd)
.\CortexM0\ARM_GCC_541\Debug\v01.a(UART.o)
                              .\CortexM0\ARM_GCC_541\Debug\main.o (UART_Start)
.\CortexM0\ARM_GCC_541\Debug\v01.a(LED_G.o)
                              .\CortexM0\ARM_GCC_541\Debug\RNet_App.o (LED_G_Write)
.\CortexM0\ARM_GCC_541\Debug\v01.a(LED_B.o)
                              .\CortexM0\ARM_GCC_541\Debug\RNet_App.o (LED_B_Write)
.\CortexM0\ARM_GCC_541\Debug\v01.a(CyBootAsmGnu.o)
                              .\CortexM0\ARM_GCC_541\Debug\v01.a(CyLib.o) (CyDelayCycles)
.\CortexM0\ARM_GCC_541\Debug\v01.a(UART_AsmGnu.o)
                              .\CortexM0\ARM_GCC_541\Debug\v01.a(UART.o) (UART_PutChar)
.\CortexM0\ARM_GCC_541\Debug\v01.a(SPI.o)
                              .\CortexM0\ARM_GCC_541\Debug\v01.a(RF1_FUNCS.o) (SPI_Start)
.\CortexM0\ARM_GCC_541\Debug\v01.a(SPI_SPI_UART.o)
                              .\CortexM0\ARM_GCC_541\Debug\v01.a(RF1_LL_SPI.o) (SPI_SpiUartReadRxData)
.\CortexM0\ARM_GCC_541\Debug\v01.a(SPI_SPI.o)
                              .\CortexM0\ARM_GCC_541\Debug\v01.a(SPI.o) (SPI_SpiPostEnable)
.\CortexM0\ARM_GCC_541\Debug\v01.a(SS.o)
                              .\CortexM0\ARM_GCC_541\Debug\v01.a(RF1_FUNCS.o) (SS_Write)
.\CortexM0\ARM_GCC_541\Debug\v01.a(CE.o)
                              .\CortexM0\ARM_GCC_541\Debug\v01.a(RF1_FUNCS.o) (CE_Write)
.\CortexM0\ARM_GCC_541\Debug\v01.a(SPI_sclk_m.o)
                              .\CortexM0\ARM_GCC_541\Debug\v01.a(SPI_SPI.o) (SPI_sclk_m_Write)
c:/program files (x86)/cypress/psoc creator/4.1/psoc creator/import/gnu/arm/5.4.1/bin/../lib/gcc/arm-none-eabi/5.4.1/armv6-m\libgcc.a(_udivsi3.o)
                              .\CortexM0\ARM_GCC_541\Debug\v01.a(CyLib.o) (__aeabi_uidiv)
c:/program files (x86)/cypress/psoc creator/4.1/psoc creator/import/gnu/arm/5.4.1/bin/../lib/gcc/arm-none-eabi/5.4.1/armv6-m\libgcc.a(_dvmd_tls.o)
                              c:/program files (x86)/cypress/psoc creator/4.1/psoc creator/import/gnu/arm/5.4.1/bin/../lib/gcc/arm-none-eabi/5.4.1/armv6-m\libgcc.a(_udivsi3.o) (__aeabi_idiv0)
c:/program files (x86)/cypress/psoc creator/4.1/psoc creator/import/gnu/arm/5.4.1/bin/../lib/gcc/arm-none-eabi/5.4.1/../../../../arm-none-eabi/lib/armv6-m\libg_nano.a(lib_a-errno.o)
                              .\CortexM0\ARM_GCC_541\Debug\Cm0Start.o (__errno)
c:/program files (x86)/cypress/psoc creator/4.1/psoc creator/import/gnu/arm/5.4.1/bin/../lib/gcc/arm-none-eabi/5.4.1/../../../../arm-none-eabi/lib/armv6-m\libg_nano.a(lib_a-exit.o)
                              c:/program files (x86)/cypress/psoc creator/4.1/psoc creator/import/gnu/arm/5.4.1/bin/../lib/gcc/arm-none-eabi/5.4.1/../../../../arm-none-eabi/lib/armv6-m/crt0.o (exit)
c:/program files (x86)/cypress/psoc creator/4.1/psoc creator/import/gnu/arm/5.4.1/bin/../lib/gcc/arm-none-eabi/5.4.1/../../../../arm-none-eabi/lib/armv6-m\libg_nano.a(lib_a-impure.o)
                              c:/program files (x86)/cypress/psoc creator/4.1/psoc creator/import/gnu/arm/5.4.1/bin/../lib/gcc/arm-none-eabi/5.4.1/../../../../arm-none-eabi/lib/armv6-m\libg_nano.a(lib_a-exit.o) (_global_impure_ptr)
c:/program files (x86)/cypress/psoc creator/4.1/psoc creator/import/gnu/arm/5.4.1/bin/../lib/gcc/arm-none-eabi/5.4.1/../../../../arm-none-eabi/lib/armv6-m\libg_nano.a(lib_a-init.o)
                              c:/program files (x86)/cypress/psoc creator/4.1/psoc creator/import/gnu/arm/5.4.1/bin/../lib/gcc/arm-none-eabi/5.4.1/../../../../arm-none-eabi/lib/armv6-m/crt0.o (__libc_init_array)
c:/program files (x86)/cypress/psoc creator/4.1/psoc creator/import/gnu/arm/5.4.1/bin/../lib/gcc/arm-none-eabi/5.4.1/../../../../arm-none-eabi/lib/armv6-m\libg_nano.a(lib_a-memcpy-stub.o)
                              .\CortexM0\ARM_GCC_541\Debug\queue.o (memcpy)
c:/program files (x86)/cypress/psoc creator/4.1/psoc creator/import/gnu/arm/5.4.1/bin/../lib/gcc/arm-none-eabi/5.4.1/../../../../arm-none-eabi/lib/armv6-m\libg_nano.a(lib_a-memset.o)
                              c:/program files (x86)/cypress/psoc creator/4.1/psoc creator/import/gnu/arm/5.4.1/bin/../lib/gcc/arm-none-eabi/5.4.1/../../../../arm-none-eabi/lib/armv6-m/crt0.o (memset)

Allocating common symbols
Common symbol       size              file

[...]
Memory Configuration

Name             Origin             Length             Attributes
rom              0x00000000         0x00008000         xr
ram              0x20000000         0x00001000         xrw
*default*        0x00000000         0xffffffff

Linker script and memory map

LOAD c:/program files (x86)/cypress/psoc creator/4.1/psoc creator/import/gnu/arm/5.4.1/bin/../lib/gcc/arm-none-eabi/5.4.1/armv6-m/crti.o
LOAD c:/program files (x86)/cypress/psoc creator/4.1/psoc creator/import/gnu/arm/5.4.1/bin/../lib/gcc/arm-none-eabi/5.4.1/armv6-m/crtbegin.o
LOAD c:/program files (x86)/cypress/psoc creator/4.1/psoc creator/import/gnu/arm/5.4.1/bin/../lib/gcc/arm-none-eabi/5.4.1/../../../../arm-none-eabi/lib/armv6-m/crt0.o
START GROUP
LOAD .\CortexM0\ARM_GCC_541\Debug\Radio.o
LOAD .\CortexM0\ARM_GCC_541\Debug\RApp.o
LOAD .\CortexM0\ARM_GCC_541\Debug\RMAC.o
LOAD .\CortexM0\ARM_GCC_541\Debug\RMSG.o
LOAD .\CortexM0\ARM_GCC_541\Debug\RNET1.o
LOAD .\CortexM0\ARM_GCC_541\Debug\RNWK.o
LOAD .\CortexM0\ARM_GCC_541\Debug\RPHY.o
LOAD .\CortexM0\ARM_GCC_541\Debug\RStack.o
LOAD .\CortexM0\ARM_GCC_541\Debug\port.o
LOAD .\CortexM0\ARM_GCC_541\Debug\croutine.o
LOAD .\CortexM0\ARM_GCC_541\Debug\event_groups.o
LOAD .\CortexM0\ARM_GCC_541\Debug\list.o
LOAD .\CortexM0\ARM_GCC_541\Debug\queue.o
LOAD .\CortexM0\ARM_GCC_541\Debug\stream_buffer.o
LOAD .\CortexM0\ARM_GCC_541\Debug\tasks.o
LOAD .\CortexM0\ARM_GCC_541\Debug\timers.o
LOAD .\CortexM0\ARM_GCC_541\Debug\heap_1.o
LOAD .\CortexM0\ARM_GCC_541\Debug\main.o
LOAD .\CortexM0\ARM_GCC_541\Debug\RNet_App.o
LOAD .\CortexM0\ARM_GCC_541\Debug\cyfitter_cfg.o
LOAD .\CortexM0\ARM_GCC_541\Debug\cymetadata.o
LOAD .\CortexM0\ARM_GCC_541\Debug\Cm0Start.o
LOAD .\CortexM0\ARM_GCC_541\Debug\v01.a
LOAD C:\Program Files (x86)\Cypress\PSoC Creator\4.1\PSoC Creator\psoc\content\cycomponentlibrary\CyComponentLibrary.cylib\CortexM0\ARM_GCC_541\Debug\CyComponentLibrary.a
END GROUP
START GROUP
LOAD c:/program files (x86)/cypress/psoc creator/4.1/psoc creator/import/gnu/arm/5.4.1/bin/../lib/gcc/arm-none-eabi/5.4.1/armv6-m\libgcc.a
LOAD c:/program files (x86)/cypress/psoc creator/4.1/psoc creator/import/gnu/arm/5.4.1/bin/../lib/gcc/arm-none-eabi/5.4.1/../../../../arm-none-eabi/lib/armv6-m\libg_nano.a
LOAD c:/program files (x86)/cypress/psoc creator/4.1/psoc creator/import/gnu/arm/5.4.1/bin/../lib/gcc/arm-none-eabi/5.4.1/../../../../arm-none-eabi/lib/armv6-m\libc_nano.a
END GROUP
START GROUP
LOAD c:/program files (x86)/cypress/psoc creator/4.1/psoc creator/import/gnu/arm/5.4.1/bin/../lib/gcc/arm-none-eabi/5.4.1/armv6-m\libgcc.a
LOAD c:/program files (x86)/cypress/psoc creator/4.1/psoc creator/import/gnu/arm/5.4.1/bin/../lib/gcc/arm-none-eabi/5.4.1/../../../../arm-none-eabi/lib/armv6-m\libc_nano.a
END GROUP
LOAD c:/program files (x86)/cypress/psoc creator/4.1/psoc creator/import/gnu/arm/5.4.1/bin/../lib/gcc/arm-none-eabi/5.4.1/armv6-m/crtend.o
LOAD c:/program files (x86)/cypress/psoc creator/4.1/psoc creator/import/gnu/arm/5.4.1/bin/../lib/gcc/arm-none-eabi/5.4.1/armv6-m/crtn.o
START GROUP
LOAD c:/program files (x86)/cypress/psoc creator/4.1/psoc creator/import/gnu/arm/5.4.1/bin/../lib/gcc/arm-none-eabi/5.4.1/armv6-m\libgcc.a
LOAD c:/program files (x86)/cypress/psoc creator/4.1/psoc creator/import/gnu/arm/5.4.1/bin/../lib/gcc/arm-none-eabi/5.4.1/../../../../arm-none-eabi/lib/armv6-m\libc.a
LOAD c:/program files (x86)/cypress/psoc creator/4.1/psoc creator/import/gnu/arm/5.4.1/bin/../lib/gcc/arm-none-eabi/5.4.1/../../../../arm-none-eabi/lib/armv6-m\libnosys.a
END GROUP
                0x00000000                CY_APPL_ORIGIN = 0x0
                0x00000080                CY_FLASH_ROW_SIZE = 0x80
                0x00000001                CY_APPL_NUM = 0x1
                0x00000001                CY_APPL_MAX = 0x1
                0x00000040                CY_METADATA_SIZE = 0x40
                0x00000000                CY_APPL_LOADABLE = 0x0
                0x00000000                CY_CHECKSUM_EXCLUDE_SIZE = ALIGN (0x0, CY_FLASH_ROW_SIZE)
                0x00000000                CY_APP_FOR_STACK_AND_COPIER = 0x0
                [!provide]                PROVIDE (__cy_heap_start, _end)
                0x00000001                PROVIDE (__cy_region_num, ((__cy_regions_end - __cy_regions) / 0x10))
                0x20001000                PROVIDE (__cy_stack, (ORIGIN (ram) + LENGTH (ram)))
                [!provide]                PROVIDE (__cy_heap_end, (__cy_stack - 0x400))

.cybootloader   0x00000000        0x0
 *(.cybootloader)
                0x00000000                appl1_start = CY_APPL_ORIGIN?CY_APPL_ORIGIN:ALIGN (CY_FLASH_ROW_SIZE)
                0x00003f80                appl2_start = (appl1_start + ALIGN ((((LENGTH (rom) - appl1_start) - (0x2 * CY_FLASH_ROW_SIZE)) / 0x2), CY_FLASH_ROW_SIZE))
                0x00000000                appl_start = (CY_APPL_NUM == 0x1)?appl1_start:appl2_start
                0x00000001                cy_project_type_bootloader = (appl_start == 0x0)?0x1:0x0
                0x00000000                cy_project_type_app_for_stack_and_copier = (CY_APP_FOR_STACK_AND_COPIER == 0x1)?0x1:0x0

.text           0x00000000     0x26be
 CREATE_OBJECT_SYMBOLS
                0x00000000                PROVIDE (__cy_interrupt_vector, RomVectors)
 *(.romvectors)
 .romvectors    0x00000000       0x10 .\CortexM0\ARM_GCC_541\Debug\Cm0Start.o
                0x00000000                RomVectors
                0x00000001                ASSERT ((. != __cy_interrupt_vector), No interrupt vector)
                0x00000001                ASSERT (CY_APPL_ORIGIN?(SIZEOF (.cybootloader) <= CY_APPL_ORIGIN):0x1, Wrong image location)
                0x00000010                PROVIDE (__cy_reset, Reset)
 *(.text.Reset)
 .text.Reset    0x00000010        0x8 .\CortexM0\ARM_GCC_541\Debug\Cm0Start.o
                0x00000010                Reset
                0x00000001                ASSERT ((. != __cy_reset), No reset code)
 *(.psocinit)
 .psocinit      0x00000018      0x12c .\CortexM0\ARM_GCC_541\Debug\cyfitter_cfg.o
                0x00000090                cyfitter_cfg
                0x00000144                . = MAX (., 0x100)
 *(.text .text.* .gnu.linkonce.t.*)
 .text          0x00000144       0x60 c:/program files (x86)/cypress/psoc creator/4.1/psoc creator/import/gnu/arm/5.4.1/bin/../lib/gcc/arm-none-eabi/5.4.1/armv6-m/crtbegin.o
 .text.RADIO_Flush
                0x000001a4       0x10 .\CortexM0\ARM_GCC_541\Debug\Radio.o
 .text.WaitRandomTime
                0x000001b4       0x14 .\CortexM0\ARM_GCC_541\Debug\Radio.o
 .text.Err      0x000001c8        0x8 .\CortexM0\ARM_GCC_541\Debug\Radio.o
 .text.CheckRx  0x000001d0       0x90 .\CortexM0\ARM_GCC_541\Debug\Radio.o
 .text.RADIO_PowerDown
                0x00000260       0x14 .\CortexM0\ARM_GCC_541\Debug\Radio.o
                0x00000260                RADIO_PowerDown
 .text.CheckTx  0x00000274       0x68 .\CortexM0\ARM_GCC_541\Debug\Radio.o
 .text.RADIO_HandleStateMachine
                0x000002dc      0x144 .\CortexM0\ARM_GCC_541\Debug\Radio.o
 .text.RADIO_SetChannel
                0x00000420       0x14 .\CortexM0\ARM_GCC_541\Debug\Radio.o
                0x00000420                RADIO_SetChannel
 .text.RADIO_PowerUp
                0x00000434       0xc0 .\CortexM0\ARM_GCC_541\Debug\Radio.o
                0x00000434                RADIO_PowerUp
 .text.RADIO_Process
                0x000004f4       0x40 .\CortexM0\ARM_GCC_541\Debug\Radio.o
                0x000004f4                RADIO_Process
 .text.RADIO_Init
                0x00000534       0x10 .\CortexM0\ARM_GCC_541\Debug\Radio.o
                0x00000534                RADIO_Init
 .text.IterateTable
                0x00000544       0x4c .\CortexM0\ARM_GCC_541\Debug\RApp.o
 .text.ParseMessage
                0x00000590       0x38 .\CortexM0\ARM_GCC_541\Debug\RApp.o
 .text.RAPP_OnPacketRx
                0x000005c8       0x1c .\CortexM0\ARM_GCC_541\Debug\RApp.o
 .text.RAPP_PutPayload
                0x000005e4       0x20 .\CortexM0\ARM_GCC_541\Debug\RApp.o
                0x000005e4                RAPP_PutPayload
 .text.RAPP_SendPayloadDataBlock
                0x00000604       0x4c .\CortexM0\ARM_GCC_541\Debug\RApp.o
                0x00000604                RAPP_SendPayloadDataBlock
 .text.RAPP_SetMessageHandlerTable
                0x00000650        0xc .\CortexM0\ARM_GCC_541\Debug\RApp.o
                0x00000650                RAPP_SetMessageHandlerTable
 .text.RAPP_SetThisNodeAddr
                0x0000065c        0x8 .\CortexM0\ARM_GCC_541\Debug\RApp.o
                0x0000065c                RAPP_SetThisNodeAddr
 .text.RAPP_SniffPacket
                0x00000664        0x4 .\CortexM0\ARM_GCC_541\Debug\RApp.o
                0x00000664                RAPP_SniffPacket
 .text.RAPP_Init
                0x00000668       0x18 .\CortexM0\ARM_GCC_541\Debug\RApp.o
                0x00000668                RAPP_Init
 .text.RMAC_PutPayload
                0x00000680       0x2c .\CortexM0\ARM_GCC_541\Debug\RMAC.o
                0x00000680                RMAC_PutPayload
 .text.RMAC_OnPacketRx
                0x000006ac        0x8 .\CortexM0\ARM_GCC_541\Debug\RMAC.o
                0x000006ac                RMAC_OnPacketRx
 .text.RMAC_SendACK
                0x000006b4       0x20 .\CortexM0\ARM_GCC_541\Debug\RMAC.o
                0x000006b4                RMAC_SendACK
 .text.RMAC_GetType
                0x000006d4        0x4 .\CortexM0\ARM_GCC_541\Debug\RMAC.o
                0x000006d4                RMAC_GetType
 .text.RMAC_IsExpectedACK
                0x000006d8       0x14 .\CortexM0\ARM_GCC_541\Debug\RMAC.o
                0x000006d8                RMAC_IsExpectedACK
 .text.RMAC_SniffPacket
                0x000006ec        0x8 .\CortexM0\ARM_GCC_541\Debug\RMAC.o
                0x000006ec                RMAC_SniffPacket
 .text.RMAC_Init
                0x000006f4       0x10 .\CortexM0\ARM_GCC_541\Debug\RMAC.o
                0x000006f4                RMAC_Init
 .text.RMSG_QueuePut
                0x00000704       0x90 .\CortexM0\ARM_GCC_541\Debug\RMSG.o
                0x00000704                RMSG_QueuePut
 .text.RMSG_GetTxMsg
                0x00000794       0x28 .\CortexM0\ARM_GCC_541\Debug\RMSG.o
                0x00000794                RMSG_GetTxMsg
 .text.RMSG_GetRxMsg
                0x000007bc       0x28 .\CortexM0\ARM_GCC_541\Debug\RMSG.o
                0x000007bc                RMSG_GetRxMsg
 .text.RMSG_QueueTxMsg
                0x000007e4       0x18 .\CortexM0\ARM_GCC_541\Debug\RMSG.o
                0x000007e4                RMSG_QueueTxMsg
 .text.RMSG_QueueRxMsg
                0x000007fc       0x18 .\CortexM0\ARM_GCC_541\Debug\RMSG.o
                0x000007fc                RMSG_QueueRxMsg
 .text.RMSG_Init
                0x00000814       0x44 .\CortexM0\ARM_GCC_541\Debug\RMSG.o
                0x00000814                RMSG_Init
 .text.RNWK_GetThisNodeAddr
                0x00000858        0xc .\CortexM0\ARM_GCC_541\Debug\RNWK.o
                0x00000858                RNWK_GetThisNodeAddr
 .text.RNWK_SetThisNodeAddr
                0x00000864        0xc .\CortexM0\ARM_GCC_541\Debug\RNWK.o
                0x00000864                RNWK_SetThisNodeAddr
 .text.RNWK_SetAppOnPacketRxCallback
                0x00000870        0xc .\CortexM0\ARM_GCC_541\Debug\RNWK.o
                0x00000870                RNWK_SetAppOnPacketRxCallback
 .text.RNWK_PutPayload
                0x0000087c       0x2c .\CortexM0\ARM_GCC_541\Debug\RNWK.o
                0x0000087c                RNWK_PutPayload
 .text.RNWK_SendACK
                0x000008a8       0x28 .\CortexM0\ARM_GCC_541\Debug\RNWK.o
                0x000008a8                RNWK_SendACK
 .text.RNWK_OnPacketRx
                0x000008d0       0x70 .\CortexM0\ARM_GCC_541\Debug\RNWK.o
                0x000008d0                RNWK_OnPacketRx
 .text.RNWK_SniffPacket
                0x00000940        0x8 .\CortexM0\ARM_GCC_541\Debug\RNWK.o
                0x00000940                RNWK_SniffPacket
 .text.RNWK_Init
                0x00000948       0x18 .\CortexM0\ARM_GCC_541\Debug\RNWK.o
                0x00000948                RNWK_Init
 .text.RPHY_GetPayload
                0x00000960       0x10 .\CortexM0\ARM_GCC_541\Debug\RPHY.o
                0x00000960                RPHY_GetPayload
 .text.RPHY_OnPacketRx
                0x00000970        0x8 .\CortexM0\ARM_GCC_541\Debug\RPHY.o
                0x00000970                RPHY_OnPacketRx
 .text.RPHY_PutPayload
                0x00000978        0x8 .\CortexM0\ARM_GCC_541\Debug\RPHY.o
                0x00000978                RPHY_PutPayload
 .text.RPHY_SniffPacket
                0x00000980        0x8 .\CortexM0\ARM_GCC_541\Debug\RPHY.o
                0x00000980                RPHY_SniffPacket
 .text.RPHY_Init
                0x00000988        0x4 .\CortexM0\ARM_GCC_541\Debug\RPHY.o
                0x00000988                RPHY_Init
 .text.RSTACK_Init
                0x0000098c       0x1c .\CortexM0\ARM_GCC_541\Debug\RStack.o
                0x0000098c                RSTACK_Init
 .text.prvTaskExitError
                0x000009a8       0x14 .\CortexM0\ARM_GCC_541\Debug\port.o
 *fill*         0x000009bc        0x4 
 .text.vPortStartFirstTask
                0x000009c0       0x34 .\CortexM0\ARM_GCC_541\Debug\port.o
 .text.prvSetupTimerInterrupt
                0x000009f4       0x28 .\CortexM0\ARM_GCC_541\Debug\port.o
 .text.pxPortInitialiseStack
                0x00000a1c       0x20 .\CortexM0\ARM_GCC_541\Debug\port.o
                0x00000a1c                pxPortInitialiseStack
 .text.SVC_Handler
                0x00000a3c        0x4 .\CortexM0\ARM_GCC_541\Debug\port.o
                0x00000a3c                SVC_Handler
 .text.xPortStartScheduler
                0x00000a40       0x3c .\CortexM0\ARM_GCC_541\Debug\port.o
                0x00000a40                xPortStartScheduler
 .text.vPortYield
                0x00000a7c       0x18 .\CortexM0\ARM_GCC_541\Debug\port.o
                0x00000a7c                vPortYield
 .text.vPortEnterCritical
                0x00000a94       0x18 .\CortexM0\ARM_GCC_541\Debug\port.o
                0x00000a94                vPortEnterCritical
 .text.vPortExitCritical
                0x00000aac       0x14 .\CortexM0\ARM_GCC_541\Debug\port.o
                0x00000aac                vPortExitCritical
 .text.ulSetInterruptMaskFromISR
                0x00000ac0        0x8 .\CortexM0\ARM_GCC_541\Debug\port.o
                0x00000ac0                ulSetInterruptMaskFromISR
 .text.vClearInterruptMaskFromISR
                0x00000ac8        0x8 .\CortexM0\ARM_GCC_541\Debug\port.o
                0x00000ac8                vClearInterruptMaskFromISR
 .text.PendSV_Handler
                0x00000ad0       0x44 .\CortexM0\ARM_GCC_541\Debug\port.o
                0x00000ad0                PendSV_Handler
 .text.SysTick_Handler
                0x00000b14       0x24 .\CortexM0\ARM_GCC_541\Debug\port.o
                0x00000b14                SysTick_Handler
 .text.vListInitialise
                0x00000b38       0x18 .\CortexM0\ARM_GCC_541\Debug\list.o
                0x00000b38                vListInitialise
 .text.vListInitialiseItem
                0x00000b50        0x8 .\CortexM0\ARM_GCC_541\Debug\list.o
                0x00000b50                vListInitialiseItem
 .text.vListInsertEnd
                0x00000b58       0x18 .\CortexM0\ARM_GCC_541\Debug\list.o
                0x00000b58                vListInsertEnd
 .text.vListInsert
                0x00000b70       0x30 .\CortexM0\ARM_GCC_541\Debug\list.o
                0x00000b70                vListInsert
 .text.uxListRemove
                0x00000ba0       0x28 .\CortexM0\ARM_GCC_541\Debug\list.o
                0x00000ba0                uxListRemove
 .text.prvIsQueueFull
                0x00000bc8       0x20 .\CortexM0\ARM_GCC_541\Debug\queue.o
 .text.prvIsQueueEmpty
                0x00000be8       0x1c .\CortexM0\ARM_GCC_541\Debug\queue.o
 .text.prvCopyDataToQueue
                0x00000c04       0x84 .\CortexM0\ARM_GCC_541\Debug\queue.o
 .text.prvNotifyQueueSetContainer
                0x00000c88       0x50 .\CortexM0\ARM_GCC_541\Debug\queue.o
 .text.prvCopyDataFromQueue
                0x00000cd8       0x24 .\CortexM0\ARM_GCC_541\Debug\queue.o
 .text.prvUnlockQueue
                0x00000cfc       0x88 .\CortexM0\ARM_GCC_541\Debug\queue.o
 .text.xQueueGenericReset
                0x00000d84       0x64 .\CortexM0\ARM_GCC_541\Debug\queue.o
                0x00000d84                xQueueGenericReset
 .text.prvInitialiseNewQueue
                0x00000de8       0x20 .\CortexM0\ARM_GCC_541\Debug\queue.o
 .text.xQueueGenericCreate
                0x00000e08       0x34 .\CortexM0\ARM_GCC_541\Debug\queue.o
                0x00000e08                xQueueGenericCreate
 .text.xQueueGenericSend
                0x00000e3c      0x104 .\CortexM0\ARM_GCC_541\Debug\queue.o
                0x00000e3c                xQueueGenericSend
 .text.xQueueGenericSendFromISR
                0x00000f40       0x9c .\CortexM0\ARM_GCC_541\Debug\queue.o
                0x00000f40                xQueueGenericSendFromISR
 .text.xQueueReceive
                0x00000fdc       0xe4 .\CortexM0\ARM_GCC_541\Debug\queue.o
                0x00000fdc                xQueueReceive
 .text.vQueueAddToRegistry
                0x000010c0       0x28 .\CortexM0\ARM_GCC_541\Debug\queue.o
                0x000010c0                vQueueAddToRegistry
 .text.prvResetNextTaskUnblockTime
                0x000010e8       0x30 .\CortexM0\ARM_GCC_541\Debug\tasks.o
 .text.prvDeleteTCB
                0x00001118       0x14 .\CortexM0\ARM_GCC_541\Debug\tasks.o
 .text.prvInitialiseNewTask
                0x0000112c       0xac .\CortexM0\ARM_GCC_541\Debug\tasks.o
 .text.prvInitialiseTaskLists
                0x000011d8       0x58 .\CortexM0\ARM_GCC_541\Debug\tasks.o
 .text.prvAddNewTaskToReadyList
                0x00001230       0x8c .\CortexM0\ARM_GCC_541\Debug\tasks.o
 .text.prvCheckTasksWaitingTermination
                0x000012bc       0x38 .\CortexM0\ARM_GCC_541\Debug\tasks.o
 .text.prvIdleTask
                0x000012f4        0x8 .\CortexM0\ARM_GCC_541\Debug\tasks.o
 .text.prvAddCurrentTaskToDelayedList
                0x000012fc       0x64 .\CortexM0\ARM_GCC_541\Debug\tasks.o
 .text.xTaskCreate
                0x00001360       0x60 .\CortexM0\ARM_GCC_541\Debug\tasks.o
                0x00001360                xTaskCreate
 .text.vTaskStartScheduler
                0x000013c0       0x48 .\CortexM0\ARM_GCC_541\Debug\tasks.o
                0x000013c0                vTaskStartScheduler
 .text.vTaskSuspendAll
                0x00001408       0x10 .\CortexM0\ARM_GCC_541\Debug\tasks.o
                0x00001408                vTaskSuspendAll
 .text.xTaskGetTickCount
                0x00001418        0xc .\CortexM0\ARM_GCC_541\Debug\tasks.o
                0x00001418                xTaskGetTickCount
 .text.xTaskIncrementTick
                0x00001424       0xd8 .\CortexM0\ARM_GCC_541\Debug\tasks.o
                0x00001424                xTaskIncrementTick
 .text.xTaskResumeAll
                0x000014fc       0xc8 .\CortexM0\ARM_GCC_541\Debug\tasks.o
                0x000014fc                xTaskResumeAll
 .text.vTaskDelay
                0x000015c4       0x24 .\CortexM0\ARM_GCC_541\Debug\tasks.o
                0x000015c4                vTaskDelay
 .text.vTaskSwitchContext
                0x000015e8       0xb4 .\CortexM0\ARM_GCC_541\Debug\tasks.o
                0x000015e8                vTaskSwitchContext
 .text.vTaskPlaceOnEventList
                0x0000169c       0x1c .\CortexM0\ARM_GCC_541\Debug\tasks.o
                0x0000169c                vTaskPlaceOnEventList
 .text.xTaskRemoveFromEventList
                0x000016b8       0x74 .\CortexM0\ARM_GCC_541\Debug\tasks.o
                0x000016b8                xTaskRemoveFromEventList
 .text.vTaskInternalSetTimeOutState
                0x0000172c       0x10 .\CortexM0\ARM_GCC_541\Debug\tasks.o
                0x0000172c                vTaskInternalSetTimeOutState
 .text.xTaskCheckForTimeOut
                0x0000173c       0x54 .\CortexM0\ARM_GCC_541\Debug\tasks.o
                0x0000173c                xTaskCheckForTimeOut
 .text.vTaskMissedYield
                0x00001790        0xc .\CortexM0\ARM_GCC_541\Debug\tasks.o
                0x00001790                vTaskMissedYield
 .text.xTaskPriorityDisinherit
                0x0000179c       0x60 .\CortexM0\ARM_GCC_541\Debug\tasks.o
                0x0000179c                xTaskPriorityDisinherit
 .text.pvPortMalloc
                0x000017fc       0x64 .\CortexM0\ARM_GCC_541\Debug\heap_1.o
                0x000017fc                pvPortMalloc
 .text.vPortFree
                0x00001860        0x4 .\CortexM0\ARM_GCC_541\Debug\heap_1.o
                0x00001860                vPortFree
 .text.prvHardwareSetup
                0x00001864       0x34 .\CortexM0\ARM_GCC_541\Debug\main.o
                0x00001864                prvHardwareSetup
 .text.main     0x00001898       0x10 .\CortexM0\ARM_GCC_541\Debug\main.o
                0x00001898                main
 .text.vApplicationMallocFailedHook
                0x000018a8        0x4 .\CortexM0\ARM_GCC_541\Debug\main.o
                0x000018a8                vApplicationMallocFailedHook
 .text.vApplicationStackOverflowHook
                0x000018ac        0x4 .\CortexM0\ARM_GCC_541\Debug\main.o
                0x000018ac                vApplicationStackOverflowHook
 .text.RadioPowerUp
                0x000018b0       0x18 .\CortexM0\ARM_GCC_541\Debug\RNet_App.o
 .text.Process  0x000018c8       0x34 .\CortexM0\ARM_GCC_541\Debug\RNet_App.o
 .text.RNetTask
                0x000018fc       0x5c .\CortexM0\ARM_GCC_541\Debug\RNet_App.o
 .text.RNETA_HandleRxMessage
                0x00001958       0x24 .\CortexM0\ARM_GCC_541\Debug\RNet_App.o
 .text.RNETApp_Init
                0x0000197c       0x34 .\CortexM0\ARM_GCC_541\Debug\RNet_App.o
                0x0000197c                RNETApp_Init
 .text.CYMEMZERO
                0x000019b0        0xc .\CortexM0\ARM_GCC_541\Debug\cyfitter_cfg.o
 .text.IntDefaultHandler
                0x000019bc       0x10 .\CortexM0\ARM_GCC_541\Debug\Cm0Start.o
                0x000019bc                IntDefaultHandler
 .text.Start_c  0x000019cc       0x48 .\CortexM0\ARM_GCC_541\Debug\Cm0Start.o
                0x000019cc                Start_c
 .text.initialize_psoc
                0x00001a14       0x40 .\CortexM0\ARM_GCC_541\Debug\Cm0Start.o
                0x00001a14                initialize_psoc
 .text.CyIntEnable
                0x00001a54       0x14 .\CortexM0\ARM_GCC_541\Debug\v01.a(CyLib.o)
                0x00001a54                CyIntEnable
 .text.CyHalt   0x00001a68        0x4 .\CortexM0\ARM_GCC_541\Debug\v01.a(CyLib.o)
                0x00001a68                CyHalt
 .text.CyIntSetSysVector
                0x00001a6c       0x20 .\CortexM0\ARM_GCC_541\Debug\v01.a(CyLib.o)
                0x00001a6c                CyIntSetSysVector
 .text.CyIntSetVector
                0x00001a8c       0x24 .\CortexM0\ARM_GCC_541\Debug\v01.a(CyLib.o)
                0x00001a8c                CyIntSetVector
 .text.CyDelay  0x00001ab0       0x30 .\CortexM0\ARM_GCC_541\Debug\v01.a(CyLib.o)
                0x00001ab0                CyDelay
 .text.CyDelayUs
                0x00001ae0       0x14 .\CortexM0\ARM_GCC_541\Debug\v01.a(CyLib.o)
                0x00001ae0                CyDelayUs
 .text.CySysClkWriteImoFreq
                0x00001af4      0x164 .\CortexM0\ARM_GCC_541\Debug\v01.a(CyLib.o)
                0x00001af4                CySysClkWriteImoFreq
 .text.CySysWdtLocked
                0x00001c58       0x14 .\CortexM0\ARM_GCC_541\Debug\v01.a(CyLFClk.o)
 .text.CySysWdtLock
                0x00001c6c       0x1c .\CortexM0\ARM_GCC_541\Debug\v01.a(CyLFClk.o)
                0x00001c6c                CySysWdtLock
 .text.CySysWdtUnlock
                0x00001c88       0x30 .\CortexM0\ARM_GCC_541\Debug\v01.a(CyLFClk.o)
                0x00001c88                CySysWdtUnlock
 .text.CySysWdtClearInterrupt
                0x00001cb8       0x4c .\CortexM0\ARM_GCC_541\Debug\v01.a(CyLFClk.o)
                0x00001cb8                CySysWdtClearInterrupt
 .text.CySysWdtIsr
                0x00001d04       0xa4 .\CortexM0\ARM_GCC_541\Debug\v01.a(CyLFClk.o)
                0x00001d04                CySysWdtIsr
 .text._addr_width_conf_to_bytes
                0x00001da8       0x28 .\CortexM0\ARM_GCC_541\Debug\v01.a(RF1_FUNCS.o)
 .text.RF1_init
                0x00001dd0       0x5c .\CortexM0\ARM_GCC_541\Debug\v01.a(RF1_FUNCS.o)
                0x00001dd0                RF1_init
 .text.RF1_set_channel
                0x00001e2c       0x1c .\CortexM0\ARM_GCC_541\Debug\v01.a(RF1_FUNCS.o)
                0x00001e2c                RF1_set_channel
 .text.RF1_set_address_width
                0x00001e48       0x14 .\CortexM0\ARM_GCC_541\Debug\v01.a(RF1_FUNCS.o)
                0x00001e48                RF1_set_address_width
 .text.RF1_set_rx_pipe_0_address
                0x00001e5c       0x20 .\CortexM0\ARM_GCC_541\Debug\v01.a(RF1_FUNCS.o)
                0x00001e5c                RF1_set_rx_pipe_0_address
 .text.RF1_set_rx_pipe_1_address
                0x00001e7c       0x20 .\CortexM0\ARM_GCC_541\Debug\v01.a(RF1_FUNCS.o)
                0x00001e7c                RF1_set_rx_pipe_1_address
 .text.RF1_set_rx_pipe_2_address
                0x00001e9c        0xc .\CortexM0\ARM_GCC_541\Debug\v01.a(RF1_FUNCS.o)
                0x00001e9c                RF1_set_rx_pipe_2_address
 .text.RF1_set_rx_pipe_3_address
                0x00001ea8        0xc .\CortexM0\ARM_GCC_541\Debug\v01.a(RF1_FUNCS.o)
                0x00001ea8                RF1_set_rx_pipe_3_address
 .text.RF1_set_rx_pipe_4_address
                0x00001eb4        0xc .\CortexM0\ARM_GCC_541\Debug\v01.a(RF1_FUNCS.o)
                0x00001eb4                RF1_set_rx_pipe_4_address
 .text.RF1_set_rx_pipe_5_address
                0x00001ec0        0xc .\CortexM0\ARM_GCC_541\Debug\v01.a(RF1_FUNCS.o)
                0x00001ec0                RF1_set_rx_pipe_5_address
 .text.RF1_enable_dynamic_payload_on_pipe
                0x00001ecc       0x18 .\CortexM0\ARM_GCC_541\Debug\v01.a(RF1_FUNCS.o)
                0x00001ecc                RF1_enable_dynamic_payload_on_pipe
 .text.RF1_start_listening
                0x00001ee4        0xc .\CortexM0\ARM_GCC_541\Debug\v01.a(RF1_FUNCS.o)
                0x00001ee4                RF1_start_listening
 .text.RF1_stop_listening
                0x00001ef0        0xc .\CortexM0\ARM_GCC_541\Debug\v01.a(RF1_FUNCS.o)
                0x00001ef0                RF1_stop_listening
 .text.RF1_transmit_pulse
                0x00001efc       0x18 .\CortexM0\ARM_GCC_541\Debug\v01.a(RF1_FUNCS.o)
                0x00001efc                RF1_transmit_pulse
 .text.RF1_get_fifo_status
                0x00001f14        0xc .\CortexM0\ARM_GCC_541\Debug\v01.a(RF1_FUNCS.o)
                0x00001f14                RF1_get_fifo_status
 .text.RF1_put_in_tx_fifo
                0x00001f20       0x14 .\CortexM0\ARM_GCC_541\Debug\v01.a(RF1_FUNCS.o)
                0x00001f20                RF1_put_in_tx_fifo
 .text.RF1_transmit
                0x00001f34       0x18 .\CortexM0\ARM_GCC_541\Debug\v01.a(RF1_FUNCS.o)
                0x00001f34                RF1_transmit
 .text.RF1_get_rx_payload
                0x00001f4c       0x20 .\CortexM0\ARM_GCC_541\Debug\v01.a(RF1_FUNCS.o)
                0x00001f4c                RF1_get_rx_payload
 .text.RF1_clear_all_irqs
                0x00001f6c        0xc .\CortexM0\ARM_GCC_541\Debug\v01.a(RF1_FUNCS.o)
                0x00001f6c                RF1_clear_all_irqs
 .text.RF1_start
                0x00001f78       0x30 .\CortexM0\ARM_GCC_541\Debug\v01.a(RF1_FUNCS.o)
                0x00001f78                RF1_start
 .text.RF1_poll_interrupt
                0x00001fa8        0x4 .\CortexM0\ARM_GCC_541\Debug\v01.a(RF1_FUNCS.o)
                0x00001fa8                RF1_poll_interrupt
 .text.RF1_get_status_clear_irq
                0x00001fac       0x14 .\CortexM0\ARM_GCC_541\Debug\v01.a(RF1_FUNCS.o)
                0x00001fac                RF1_get_status_clear_irq
 .text.RF1_flush_rx
                0x00001fc0        0x8 .\CortexM0\ARM_GCC_541\Debug\v01.a(RF1_FUNCS.o)
                0x00001fc0                RF1_flush_rx
 .text.RF1_read_register
                0x00001fc8       0x38 .\CortexM0\ARM_GCC_541\Debug\v01.a(RF1_LL_SPI.o)
                0x00001fc8                RF1_read_register
 .text.RF1_write_register
                0x00002000       0x34 .\CortexM0\ARM_GCC_541\Debug\v01.a(RF1_LL_SPI.o)
                0x00002000                RF1_write_register
 .text.RF1_write_bit
                0x00002034       0x3c .\CortexM0\ARM_GCC_541\Debug\v01.a(RF1_LL_SPI.o)
 .text.RF1_write_long_register
                0x00002070       0x3c .\CortexM0\ARM_GCC_541\Debug\v01.a(RF1_LL_SPI.o)
                0x00002070                RF1_write_long_register
 .text.RF1_set_bit
                0x000020ac       0x10 .\CortexM0\ARM_GCC_541\Debug\v01.a(RF1_LL_SPI.o)
                0x000020ac                RF1_set_bit
 .text.RF1_send_command
                0x000020bc       0x28 .\CortexM0\ARM_GCC_541\Debug\v01.a(RF1_COMMANDS.o)
                0x000020bc                RF1_send_command
 .text.RF1_flush_rx_cmd
                0x000020e4        0xc .\CortexM0\ARM_GCC_541\Debug\v01.a(RF1_COMMANDS.o)
                0x000020e4                RF1_flush_rx_cmd
 .text.RF1_flush_tx_cmd
                0x000020f0        0xc .\CortexM0\ARM_GCC_541\Debug\v01.a(RF1_COMMANDS.o)
                0x000020f0                RF1_flush_tx_cmd
 .text.RF1_read_rx_payload_cmd
                0x000020fc       0x50 .\CortexM0\ARM_GCC_541\Debug\v01.a(RF1_COMMANDS.o)
                0x000020fc                RF1_read_rx_payload_cmd
 .text.RF1_write_tx_payload_cmd
                0x0000214c       0x34 .\CortexM0\ARM_GCC_541\Debug\v01.a(RF1_COMMANDS.o)
                0x0000214c                RF1_write_tx_payload_cmd
 .text.RF1_read_payload_width_cmd
                0x00002180       0x40 .\CortexM0\ARM_GCC_541\Debug\v01.a(RF1_COMMANDS.o)
                0x00002180                RF1_read_payload_width_cmd
 .text.RF1_nop_cmd
                0x000021c0       0x2c .\CortexM0\ARM_GCC_541\Debug\v01.a(RF1_COMMANDS.o)
                0x000021c0                RF1_nop_cmd
 .text.UART_Start
                0x000021ec        0x4 .\CortexM0\ARM_GCC_541\Debug\v01.a(UART.o)
                0x000021ec                UART_Start
 .text.UART_PutString
                0x000021f0       0x1c .\CortexM0\ARM_GCC_541\Debug\v01.a(UART.o)
                0x000021f0                UART_PutString
 .text.LED_G_Write
                0x0000220c       0x18 .\CortexM0\ARM_GCC_541\Debug\v01.a(LED_G.o)
                0x0000220c                LED_G_Write
 .text.LED_B_Write
                0x00002224       0x18 .\CortexM0\ARM_GCC_541\Debug\v01.a(LED_B.o)
                0x00002224                LED_B_Write
 *fill*         0x0000223c        0x4 
 .text          0x00002240       0x24 .\CortexM0\ARM_GCC_541\Debug\v01.a(CyBootAsmGnu.o)
                0x00002240                CyDelayCycles
                0x00002254                CyEnterCriticalSection
                0x0000225c                CyExitCriticalSection
 *fill*         0x00002264       0x1c 
 .text          0x00002280       0xd4 .\CortexM0\ARM_GCC_541\Debug\v01.a(UART_AsmGnu.o)
                0x00002280                UART_PutChar
 .text.SPI_ScbModePostEnable
                0x00002354        0x8 .\CortexM0\ARM_GCC_541\Debug\v01.a(SPI.o)
 .text.SPI_Init
                0x0000235c        0x8 .\CortexM0\ARM_GCC_541\Debug\v01.a(SPI.o)
                0x0000235c                SPI_Init
 .text.SPI_Enable
                0x00002364       0x18 .\CortexM0\ARM_GCC_541\Debug\v01.a(SPI.o)
                0x00002364                SPI_Enable
 .text.SPI_Start
                0x0000237c       0x20 .\CortexM0\ARM_GCC_541\Debug\v01.a(SPI.o)
                0x0000237c                SPI_Start
 .text.SPI_SpiUartReadRxData
                0x0000239c        0xc .\CortexM0\ARM_GCC_541\Debug\v01.a(SPI_SPI_UART.o)
                0x0000239c                SPI_SpiUartReadRxData
 .text.SPI_SpiUartGetRxBufferSize
                0x000023a8       0x10 .\CortexM0\ARM_GCC_541\Debug\v01.a(SPI_SPI_UART.o)
                0x000023a8                SPI_SpiUartGetRxBufferSize
 .text.SPI_SpiUartClearRxBuffer
                0x000023b8       0x20 .\CortexM0\ARM_GCC_541\Debug\v01.a(SPI_SPI_UART.o)
                0x000023b8                SPI_SpiUartClearRxBuffer
 .text.SPI_SpiUartWriteTxData
                0x000023d8       0x1c .\CortexM0\ARM_GCC_541\Debug\v01.a(SPI_SPI_UART.o)
                0x000023d8                SPI_SpiUartWriteTxData
 .text.SPI_SpiUartPutArray
                0x000023f4       0x18 .\CortexM0\ARM_GCC_541\Debug\v01.a(SPI_SPI_UART.o)
                0x000023f4                SPI_SpiUartPutArray
 .text.SPI_SpiUartClearTxBuffer
                0x0000240c       0x20 .\CortexM0\ARM_GCC_541\Debug\v01.a(SPI_SPI_UART.o)
                0x0000240c                SPI_SpiUartClearTxBuffer
 .text.SPI_SpiPostEnable
                0x0000242c       0x24 .\CortexM0\ARM_GCC_541\Debug\v01.a(SPI_SPI.o)
                0x0000242c                SPI_SpiPostEnable
 .text.SPI_SpiSetActiveSlaveSelect
                0x00002450       0x20 .\CortexM0\ARM_GCC_541\Debug\v01.a(SPI_SPI.o)
                0x00002450                SPI_SpiSetActiveSlaveSelect
 .text.SPI_SpiInit
                0x00002470       0x8c .\CortexM0\ARM_GCC_541\Debug\v01.a(SPI_SPI.o)
                0x00002470                SPI_SpiInit
 .text.SS_Write
                0x000024fc       0x18 .\CortexM0\ARM_GCC_541\Debug\v01.a(SS.o)
                0x000024fc                SS_Write
 .text.CE_Write
                0x00002514       0x18 .\CortexM0\ARM_GCC_541\Debug\v01.a(CE.o)
                0x00002514                CE_Write
 .text          0x0000252c      0x114 c:/program files (x86)/cypress/psoc creator/4.1/psoc creator/import/gnu/arm/5.4.1/bin/../lib/gcc/arm-none-eabi/5.4.1/armv6-m\libgcc.a(_udivsi3.o)
                0x0000252c                __aeabi_uidiv
                0x0000252c                __udivsi3
                0x00002638                __aeabi_uidivmod
 .text          0x00002640        0x4 c:/program files (x86)/cypress/psoc creator/4.1/psoc creator/import/gnu/arm/5.4.1/bin/../lib/gcc/arm-none-eabi/5.4.1/armv6-m\libgcc.a(_dvmd_tls.o)
                0x00002640                __aeabi_idiv0
                0x00002640                __aeabi_ldiv0
 .text.__errno  0x00002644        0xc c:/program files (x86)/cypress/psoc creator/4.1/psoc creator/import/gnu/arm/5.4.1/bin/../lib/gcc/arm-none-eabi/5.4.1/../../../../arm-none-eabi/lib/armv6-m\libg_nano.a(lib_a-errno.o)
                0x00002644                __errno
 .text.__libc_init_array
                0x00002650       0x4c c:/program files (x86)/cypress/psoc creator/4.1/psoc creator/import/gnu/arm/5.4.1/bin/../lib/gcc/arm-none-eabi/5.4.1/../../../../arm-none-eabi/lib/armv6-m\libg_nano.a(lib_a-init.o)
                0x00002650                __libc_init_array
 .text.memcpy   0x0000269c       0x12 c:/program files (x86)/cypress/psoc creator/4.1/psoc creator/import/gnu/arm/5.4.1/bin/../lib/gcc/arm-none-eabi/5.4.1/../../../../arm-none-eabi/lib/armv6-m\libg_nano.a(lib_a-memcpy-stub.o)
                0x0000269c                memcpy
 .text.memset   0x000026ae       0x10 c:/program files (x86)/cypress/psoc creator/4.1/psoc creator/import/gnu/arm/5.4.1/bin/../lib/gcc/arm-none-eabi/5.4.1/../../../../arm-none-eabi/lib/armv6-m\libg_nano.a(lib_a-memset.o)
                0x000026ae                memset
 *(.plt)
 *(.gnu.warning)
 *(.glue_7t)
 .glue_7t       0x000026be        0x0 linker stubs
 *(.glue_7)
 .glue_7        0x000026be        0x0 linker stubs
 *(.vfp11_veneer)
 .vfp11_veneer  0x000026be        0x0 linker stubs
 *(.bootloader)
 *(.ARM.extab* .gnu.linkonce.armextab.*)
 *(.gcc_except_table)

.v4_bx          0x000026c0        0x0
 .v4_bx         0x000026c0        0x0 linker stubs

.iplt           0x000026c0        0x0
 .iplt          0x000026c0        0x0 c:/program files (x86)/cypress/psoc creator/4.1/psoc creator/import/gnu/arm/5.4.1/bin/../lib/gcc/arm-none-eabi/5.4.1/armv6-m/crtbegin.o

.eh_frame_hdr
 *(.eh_frame_hdr)

.eh_frame       0x000026c0        0x4
 *(.eh_frame)
 .eh_frame      0x000026c0        0x0 c:/program files (x86)/cypress/psoc creator/4.1/psoc creator/import/gnu/arm/5.4.1/bin/../lib/gcc/arm-none-eabi/5.4.1/armv6-m/crtbegin.o
 .eh_frame      0x000026c0        0x4 c:/program files (x86)/cypress/psoc creator/4.1/psoc creator/import/gnu/arm/5.4.1/bin/../lib/gcc/arm-none-eabi/5.4.1/armv6-m/crtend.o
                [!provide]                PROVIDE (__exidx_start, .)

.ARM.exidx
 *(.ARM.exidx* .gnu.linkonce.armexidx.*)
                0x000026c4                __exidx_end = .

.rodata         0x000026c4      0x114
 *(.rodata .rodata.* .gnu.linkonce.r.*)
 .rodata        0x000026c4       0x29 .\CortexM0\ARM_GCC_541\Debug\Radio.o
 *fill*         0x000026ed        0x3 
 .rodata.str1.4
                0x000026f0       0x43 .\CortexM0\ARM_GCC_541\Debug\Radio.o
 *fill*         0x00002733        0x1 
 .rodata.str1.4
                0x00002734       0x17 .\CortexM0\ARM_GCC_541\Debug\RMSG.o
 *fill*         0x0000274b        0x1 
 .rodata.str1.4
                0x0000274c        0x5 .\CortexM0\ARM_GCC_541\Debug\tasks.o
 *fill*         0x00002751        0x3 
 .rodata        0x00002754        0x8 .\CortexM0\ARM_GCC_541\Debug\RNet_App.o
 .rodata.str1.4
                0x0000275c        0x8 .\CortexM0\ARM_GCC_541\Debug\RNet_App.o
                                  0x5 (size before relaxing)
 .rodata        0x00002764        0xc .\CortexM0\ARM_GCC_541\Debug\cyfitter_cfg.o
 .rodata        0x00002770       0x2e .\CortexM0\ARM_GCC_541\Debug\v01.a(CyLib.o)
                0x00002770                cyImoFreqMhz2Reg
 .rodata.str1.1
                0x0000279e        0x2 c:/program files (x86)/cypress/psoc creator/4.1/psoc creator/import/gnu/arm/5.4.1/bin/../lib/gcc/arm-none-eabi/5.4.1/../../../../arm-none-eabi/lib/armv6-m\libg_nano.a(lib_a-impure.o)
                0x000027a0                . = ALIGN (0x4)
 *(.init)
 .init          0x000027a0        0x4 c:/program files (x86)/cypress/psoc creator/4.1/psoc creator/import/gnu/arm/5.4.1/bin/../lib/gcc/arm-none-eabi/5.4.1/armv6-m/crti.o
                0x000027a0                _init
 .init          0x000027a4        0x8 c:/program files (x86)/cypress/psoc creator/4.1/psoc creator/import/gnu/arm/5.4.1/bin/../lib/gcc/arm-none-eabi/5.4.1/armv6-m/crtn.o
                0x000027ac                . = ALIGN (0x4)
                0x000027ac                __preinit_array_start = .
 *(.preinit_array)
                0x000027ac                __preinit_array_end = .
                0x000027ac                . = ALIGN (0x4)
                0x000027ac                __init_array_start = .
 *(SORT(.init_array.*))
 *(.init_array)
 .init_array    0x000027ac        0x4 c:/program files (x86)/cypress/psoc creator/4.1/psoc creator/import/gnu/arm/5.4.1/bin/../lib/gcc/arm-none-eabi/5.4.1/armv6-m/crtbegin.o
 .init_array    0x000027b0        0x4 .\CortexM0\ARM_GCC_541\Debug\Cm0Start.o
                0x000027b4                __init_array_end = .
                0x000027b4                . = ALIGN (0x4)
 *(.fini)
 .fini          0x000027b4        0x4 c:/program files (x86)/cypress/psoc creator/4.1/psoc creator/import/gnu/arm/5.4.1/bin/../lib/gcc/arm-none-eabi/5.4.1/armv6-m/crti.o
                0x000027b4                _fini
 .fini          0x000027b8        0x8 c:/program files (x86)/cypress/psoc creator/4.1/psoc creator/import/gnu/arm/5.4.1/bin/../lib/gcc/arm-none-eabi/5.4.1/armv6-m/crtn.o
                0x000027c0                . = ALIGN (0x4)
                0x000027c0                __fini_array_start = .
 *(.fini_array)
 .fini_array    0x000027c0        0x4 c:/program files (x86)/cypress/psoc creator/4.1/psoc creator/import/gnu/arm/5.4.1/bin/../lib/gcc/arm-none-eabi/5.4.1/armv6-m/crtbegin.o
 *(SORT(.fini_array.*))
                0x000027c4                __fini_array_end = .
                0x000027c4                . = ALIGN (0x4)
 *crtbegin.o(.ctors)
 *(EXCLUDE_FILE(*crtend.o) .ctors)
 *(SORT(.ctors.*))
 *crtend.o(.ctors)
                0x000027c4                . = ALIGN (0x4)
 *crtbegin.o(.dtors)
 *(EXCLUDE_FILE(*crtend.o) .dtors)
 *(SORT(.dtors.*))
 *crtend.o(.dtors)
                0x000027c4                . = ALIGN (0x4)
                0x000027c4                __cy_regions = .
                0x000027c4        0x4 LONG 0x27d8 __cy_region_init_ram
                0x000027c8        0x4 LONG 0x200000c0 __cy_region_start_data
                0x000027cc        0x4 LONG 0x98 __cy_region_init_size_ram
                0x000027d0        0x4 LONG 0x5f8 __cy_region_zero_size_ram
                0x000027d4                __cy_regions_end = .
                0x000027d8                . = ALIGN (0x8)
 *fill*         0x000027d4        0x4 
                0x000027d8                _etext = .

.cy_checksum_exclude
                0x000027d8        0x0
 *(.cy_checksum_exclude)

.ramvectors     0x20000000       0xc0
                0x20000000                __cy_region_start_ram = .
 *(.ramvectors)
 .ramvectors    0x20000000       0xc0 .\CortexM0\ARM_GCC_541\Debug\Cm0Start.o
                0x20000000                CyRamVectors

.noinit
 *(.noinit)

.data           0x200000c0       0x98 load address 0x000027d8
                0x200000c0                __cy_region_start_data = .
 *(.jcr)
 .jcr           0x200000c0        0x0 c:/program files (x86)/cypress/psoc creator/4.1/psoc creator/import/gnu/arm/5.4.1/bin/../lib/gcc/arm-none-eabi/5.4.1/armv6-m/crtbegin.o
 .jcr           0x200000c0        0x4 c:/program files (x86)/cypress/psoc creator/4.1/psoc creator/import/gnu/arm/5.4.1/bin/../lib/gcc/arm-none-eabi/5.4.1/armv6-m/crtend.o
 *(.got.plt)
 *(.got)
 *(.shdata)
 *(.data .data.* .gnu.linkonce.d.*)
 .data          0x200000c4        0x1 .\CortexM0\ARM_GCC_541\Debug\RNWK.o
 *fill*         0x200000c5        0x3 
 .data          0x200000c8        0x4 .\CortexM0\ARM_GCC_541\Debug\port.o
 .data          0x200000cc       0x14 .\CortexM0\ARM_GCC_541\Debug\v01.a(CyLib.o)
                0x200000cc                CySysClkPumpConfig
                0x200000d0                cydelay32kMs
                0x200000d4                cydelayFreqKhz
                0x200000d8                cydelayFreqMhz
                0x200000dc                cydelayFreqHz
 .data          0x200000e0        0x4 .\CortexM0\ARM_GCC_541\Debug\v01.a(CyLFClk.o)
 .data          0x200000e4        0x1 .\CortexM0\ARM_GCC_541\Debug\v01.a(RF1_FUNCS.o)
 *fill*         0x200000e5        0x3 
 .data          0x200000e8        0x8 .\CortexM0\ARM_GCC_541\Debug\v01.a(UART.o)
                0x200000e8                UART_pinDrAdress
                0x200000ec                UART_pinNumber
 .data.impure_data
                0x200000f0       0x60 c:/program files (x86)/cypress/psoc creator/4.1/psoc creator/import/gnu/arm/5.4.1/bin/../lib/gcc/arm-none-eabi/5.4.1/../../../../arm-none-eabi/lib/armv6-m\libg_nano.a(lib_a-impure.o)
 .data._impure_ptr
                0x20000150        0x4 c:/program files (x86)/cypress/psoc creator/4.1/psoc creator/import/gnu/arm/5.4.1/bin/../lib/gcc/arm-none-eabi/5.4.1/../../../../arm-none-eabi/lib/armv6-m\libg_nano.a(lib_a-impure.o)
                0x20000150                _impure_ptr
                0x20000158                . = ALIGN (0x8)
 *fill*         0x20000154        0x4 
 *(.ram)
                0x20000158                _edata = .

.igot.plt       0x20000158        0x0 load address 0x00002870
 .igot.plt      0x20000158        0x0 c:/program files (x86)/cypress/psoc creator/4.1/psoc creator/import/gnu/arm/5.4.1/bin/../lib/gcc/arm-none-eabi/5.4.1/armv6-m/crtbegin.o

.bss            0x20000158      0x5f8 load address 0x00002870
                0x20000158                PROVIDE (__bss_start__, .)
 *(.shbss)
 *(.bss .bss.* .gnu.linkonce.b.*)
 .bss           0x20000158       0x1c c:/program files (x86)/cypress/psoc creator/4.1/psoc creator/import/gnu/arm/5.4.1/bin/../lib/gcc/arm-none-eabi/5.4.1/armv6-m/crtbegin.o
 .bss           0x20000174       0x3a .\CortexM0\ARM_GCC_541\Debug\Radio.o
 *fill*         0x200001ae        0x2 
 .bss           0x200001b0        0x4 .\CortexM0\ARM_GCC_541\Debug\RApp.o
 .bss           0x200001b4        0x2 .\CortexM0\ARM_GCC_541\Debug\RMAC.o
 *fill*         0x200001b6        0x2 
 .bss           0x200001b8        0x8 .\CortexM0\ARM_GCC_541\Debug\RMSG.o
 .bss           0x200001c0        0x4 .\CortexM0\ARM_GCC_541\Debug\RNWK.o
 .bss           0x200001c4      0x104 .\CortexM0\ARM_GCC_541\Debug\tasks.o
                0x2000029c                pxCurrentTCB
 .bss           0x200002c8      0x408 .\CortexM0\ARM_GCC_541\Debug\heap_1.o
 .bss           0x200006d0        0x1 .\CortexM0\ARM_GCC_541\Debug\RNet_App.o
 *fill*         0x200006d1        0x3 
 .bss           0x200006d4       0x20 .\CortexM0\ARM_GCC_541\Debug\v01.a(CyLFClk.o)
 .bss           0x200006f4        0x4 .\CortexM0\ARM_GCC_541\Debug\v01.a(UART.o)
                0x200006f4                UART_pinPortNumber
 .bss           0x200006f8        0x4 .\CortexM0\ARM_GCC_541\Debug\v01.a(SPI.o)
                0x200006f8                SPI_initVar
                0x200006fa                SPI_IntrTxMask
 *(COMMON)
 COMMON         0x200006fc       0x50 .\CortexM0\ARM_GCC_541\Debug\queue.o
                0x200006fc                xQueueRegistry
                0x20000750                . = ALIGN (0x8)
 *fill*         0x2000074c        0x4 
 *(.ram.b)
                0x20000750                _end = .
                0x20000750                __end = .
                0x20000750                PROVIDE (end, .)
                0x20000750                PROVIDE (__bss_end__, .)
                0x000027d8                __cy_region_init_ram = LOADADDR (.data)
                0x00000098                __cy_region_init_size_ram = (_edata - ADDR (.data))
                0x000005f8                __cy_region_zero_size_ram = (_end - _edata)

.heap           0x20000750       0x80 load address 0x00002870
                0x20000750                . = _end
                0x200007d0                . = (. + 0x80)
 *fill*         0x20000750       0x80 
                0x200007d0                __cy_heap_limit = .

.stack          0x20000c00      0x400
                0x20000c00                __cy_stack_limit = .
                0x20001000                . = (. + 0x400)
 *fill*         0x20000c00      0x400 
                0x00000001                ASSERT ((__cy_stack_limit >= __cy_heap_limit), region RAM overflowed with stack)
                0x00000000                cy_checksum_exclude_size = (CY_APPL_LOADABLE == 0x1)?SIZEOF (.cy_checksum_exclude):0x0
                0x00000001                ASSERT ((cy_checksum_exclude_size <= CY_CHECKSUM_EXCLUDE_SIZE), CY_BOOT: Section .cy_checksum_exclude size exceedes specified limit.)
                0x00007fc0                cyloadermeta_start = (cy_project_type_bootloader || cy_project_type_app_for_stack_and_copier)?(LENGTH (rom) - CY_METADATA_SIZE):0xf0000000

.cyloadermeta
 *(.cyloadermeta)
                0x00007fc0                cyloadablemeta_start = cy_project_type_app_for_stack_and_copier?((LENGTH (rom) - CY_FLASH_ROW_SIZE) - CY_METADATA_SIZE):((LENGTH (rom) - (CY_FLASH_ROW_SIZE * (CY_APPL_NUM - 0x1))) - CY_METADATA_SIZE)

.cyloadablemeta
 *(.cyloadablemeta)

.cyflashprotect
                0x90400000       0x20
 *(.cyflashprotect)
 .cyflashprotect
                0x90400000       0x20 .\CortexM0\ARM_GCC_541\Debug\cymetadata.o
                0x90400000                cy_meta_flashprotect

.cymeta         0x90500000        0xc
 *(.cymeta)
 .cymeta        0x90500000        0xc .\CortexM0\ARM_GCC_541\Debug\cymetadata.o
                0x90500000                cy_metadata

.cychipprotect  0x90600000        0x1
 *(.cychipprotect)
 .cychipprotect
                0x90600000        0x1 .\CortexM0\ARM_GCC_541\Debug\cymetadata.o
                0x90600000                cy_meta_chipprotect

.rel.dyn        0x00002870        0x0 load address 0x90600004
 .rel.iplt      0x00002870        0x0 c:/program files (x86)/cypress/psoc creator/4.1/psoc creator/import/gnu/arm/5.4.1/bin/../lib/gcc/arm-none-eabi/5.4.1/armv6-m/crtbegin.o

.stab
 *(.stab)

.stabstr
 *(.stabstr)

.debug
 *(.debug)

.line
 *(.line)

.debug_srcinfo
 *(.debug_srcinfo)

.debug_sfnames
 *(.debug_sfnames)

.debug_aranges  0x00000000     0x1238
 *(.debug_aranges)
 .debug_aranges
                0x00000000       0x90 .\CortexM0\ARM_GCC_541\Debug\Radio.o
 .debug_aranges
                0x00000090       0x70 .\CortexM0\ARM_GCC_541\Debug\RApp.o
 .debug_aranges
                0x00000100       0x70 .\CortexM0\ARM_GCC_541\Debug\RMAC.o
 .debug_aranges
                0x00000170       0x78 .\CortexM0\ARM_GCC_541\Debug\RMSG.o
 .debug_aranges
                0x000001e8       0x48 .\CortexM0\ARM_GCC_541\Debug\RNET1.o
 .debug_aranges
                0x00000230       0x60 .\CortexM0\ARM_GCC_541\Debug\RNWK.o
 .debug_aranges
                0x00000290       0x58 .\CortexM0\ARM_GCC_541\Debug\RPHY.o
 .debug_aranges
                0x000002e8       0x28 .\CortexM0\ARM_GCC_541\Debug\RStack.o
 .debug_aranges
                0x00000310       0x88 .\CortexM0\ARM_GCC_541\Debug\port.o
 .debug_aranges
                0x00000398       0x18 .\CortexM0\ARM_GCC_541\Debug\croutine.o
 .debug_aranges
                0x000003b0       0x68 .\CortexM0\ARM_GCC_541\Debug\event_groups.o
 .debug_aranges
                0x00000418       0x40 .\CortexM0\ARM_GCC_541\Debug\list.o
 .debug_aranges
                0x00000458      0x140 .\CortexM0\ARM_GCC_541\Debug\queue.o
 .debug_aranges
                0x00000598       0xb8 .\CortexM0\ARM_GCC_541\Debug\stream_buffer.o
 .debug_aranges
                0x00000650      0x1d0 .\CortexM0\ARM_GCC_541\Debug\tasks.o
 .debug_aranges
                0x00000820       0x18 .\CortexM0\ARM_GCC_541\Debug\timers.o
 .debug_aranges
                0x00000838       0x38 .\CortexM0\ARM_GCC_541\Debug\heap_1.o
 .debug_aranges
                0x00000870       0x38 .\CortexM0\ARM_GCC_541\Debug\main.o
 .debug_aranges
                0x000008a8       0x40 .\CortexM0\ARM_GCC_541\Debug\RNet_App.o
 .debug_aranges
                0x000008e8       0x30 .\CortexM0\ARM_GCC_541\Debug\cyfitter_cfg.o
 .debug_aranges
                0x00000918       0x18 .\CortexM0\ARM_GCC_541\Debug\cymetadata.o
 .debug_aranges
                0x00000930       0x48 .\CortexM0\ARM_GCC_541\Debug\Cm0Start.o
 .debug_aranges
                0x00000978      0x180 .\CortexM0\ARM_GCC_541\Debug\v01.a(CyLib.o)
 .debug_aranges
                0x00000af8      0x138 .\CortexM0\ARM_GCC_541\Debug\v01.a(CyLFClk.o)
 .debug_aranges
                0x00000c30      0x258 .\CortexM0\ARM_GCC_541\Debug\v01.a(RF1_FUNCS.o)
 .debug_aranges
                0x00000e88       0x58 .\CortexM0\ARM_GCC_541\Debug\v01.a(RF1_LL_SPI.o)
 .debug_aranges
                0x00000ee0       0x68 .\CortexM0\ARM_GCC_541\Debug\v01.a(RF1_COMMANDS.o)
 .debug_aranges
                0x00000f48       0x50 .\CortexM0\ARM_GCC_541\Debug\v01.a(UART.o)
 .debug_aranges
                0x00000f98       0x48 .\CortexM0\ARM_GCC_541\Debug\v01.a(LED_G.o)
 .debug_aranges
                0x00000fe0       0x48 .\CortexM0\ARM_GCC_541\Debug\v01.a(LED_B.o)
 .debug_aranges
                0x00001028       0x20 .\CortexM0\ARM_GCC_541\Debug\v01.a(CyBootAsmGnu.o)
 .debug_aranges
                0x00001048       0x20 .\CortexM0\ARM_GCC_541\Debug\v01.a(UART_AsmGnu.o)
 .debug_aranges
                0x00001068       0x60 .\CortexM0\ARM_GCC_541\Debug\v01.a(SPI.o)
 .debug_aranges
                0x000010c8       0x60 .\CortexM0\ARM_GCC_541\Debug\v01.a(SPI_SPI_UART.o)
 .debug_aranges
                0x00001128       0x38 .\CortexM0\ARM_GCC_541\Debug\v01.a(SPI_SPI.o)
 .debug_aranges
                0x00001160       0x48 .\CortexM0\ARM_GCC_541\Debug\v01.a(SS.o)
 .debug_aranges
                0x000011a8       0x48 .\CortexM0\ARM_GCC_541\Debug\v01.a(CE.o)
 .debug_aranges
                0x000011f0       0x48 .\CortexM0\ARM_GCC_541\Debug\v01.a(SPI_sclk_m.o)

.debug_pubnames
 *(.debug_pubnames)

.debug_info     0x00000000     0xe71f
 *(.debug_info .gnu.linkonce.wi.*)
 .debug_info    0x00000000      0xd56 .\CortexM0\ARM_GCC_541\Debug\Radio.o
 .debug_info    0x00000d56      0x6a4 .\CortexM0\ARM_GCC_541\Debug\RApp.o
 .debug_info    0x000013fa      0x5f6 .\CortexM0\ARM_GCC_541\Debug\RMAC.o
 .debug_info    0x000019f0      0x6d1 .\CortexM0\ARM_GCC_541\Debug\RMSG.o
 .debug_info    0x000020c1      0x187 .\CortexM0\ARM_GCC_541\Debug\RNET1.o
 .debug_info    0x00002248      0x4f2 .\CortexM0\ARM_GCC_541\Debug\RNWK.o
 .debug_info    0x0000273a      0x2bf .\CortexM0\ARM_GCC_541\Debug\RPHY.o
 .debug_info    0x000029f9      0x196 .\CortexM0\ARM_GCC_541\Debug\RStack.o
 .debug_info    0x00002b8f      0x380 .\CortexM0\ARM_GCC_541\Debug\port.o
 .debug_info    0x00002f0f       0x87 .\CortexM0\ARM_GCC_541\Debug\croutine.o
 .debug_info    0x00002f96      0x8be .\CortexM0\ARM_GCC_541\Debug\event_groups.o
 .debug_info    0x00003854      0x2b4 .\CortexM0\ARM_GCC_541\Debug\list.o
 .debug_info    0x00003b08     0x1c10 .\CortexM0\ARM_GCC_541\Debug\queue.o
 .debug_info    0x00005718     0x10ba .\CortexM0\ARM_GCC_541\Debug\stream_buffer.o
 .debug_info    0x000067d2     0x2088 .\CortexM0\ARM_GCC_541\Debug\tasks.o
 .debug_info    0x0000885a       0x87 .\CortexM0\ARM_GCC_541\Debug\timers.o
 .debug_info    0x000088e1      0x28e .\CortexM0\ARM_GCC_541\Debug\heap_1.o
 .debug_info    0x00008b6f      0x204 .\CortexM0\ARM_GCC_541\Debug\main.o
 .debug_info    0x00008d73      0x5ae .\CortexM0\ARM_GCC_541\Debug\RNet_App.o
 .debug_info    0x00009321      0x27c .\CortexM0\ARM_GCC_541\Debug\cyfitter_cfg.o
 .debug_info    0x0000959d       0xf8 .\CortexM0\ARM_GCC_541\Debug\cymetadata.o
 .debug_info    0x00009695      0x3a2 .\CortexM0\ARM_GCC_541\Debug\Cm0Start.o
 .debug_info    0x00009a37      0xafc .\CortexM0\ARM_GCC_541\Debug\v01.a(CyLib.o)
 .debug_info    0x0000a533      0xcfe .\CortexM0\ARM_GCC_541\Debug\v01.a(CyLFClk.o)
 .debug_info    0x0000b231     0x16ad .\CortexM0\ARM_GCC_541\Debug\v01.a(RF1_FUNCS.o)
 .debug_info    0x0000c8de      0x62a .\CortexM0\ARM_GCC_541\Debug\v01.a(RF1_LL_SPI.o)
 .debug_info    0x0000cf08      0x682 .\CortexM0\ARM_GCC_541\Debug\v01.a(RF1_COMMANDS.o)
 .debug_info    0x0000d58a      0x2c4 .\CortexM0\ARM_GCC_541\Debug\v01.a(UART.o)
 .debug_info    0x0000d84e      0x19d .\CortexM0\ARM_GCC_541\Debug\v01.a(LED_G.o)
 .debug_info    0x0000d9eb      0x19d .\CortexM0\ARM_GCC_541\Debug\v01.a(LED_B.o)
 .debug_info    0x0000db88       0x7e .\CortexM0\ARM_GCC_541\Debug\v01.a(CyBootAsmGnu.o)
 .debug_info    0x0000dc06       0x7d .\CortexM0\ARM_GCC_541\Debug\v01.a(UART_AsmGnu.o)
 .debug_info    0x0000dc83      0x24c .\CortexM0\ARM_GCC_541\Debug\v01.a(SPI.o)
 .debug_info    0x0000decf      0x220 .\CortexM0\ARM_GCC_541\Debug\v01.a(SPI_SPI_UART.o)
 .debug_info    0x0000e0ef      0x15b .\CortexM0\ARM_GCC_541\Debug\v01.a(SPI_SPI.o)
 .debug_info    0x0000e24a      0x19b .\CortexM0\ARM_GCC_541\Debug\v01.a(SS.o)
 .debug_info    0x0000e3e5      0x19d .\CortexM0\ARM_GCC_541\Debug\v01.a(CE.o)
 .debug_info    0x0000e582      0x19d .\CortexM0\ARM_GCC_541\Debug\v01.a(SPI_sclk_m.o)

.debug_abbrev   0x00000000     0x2e35
 *(.debug_abbrev)
 .debug_abbrev  0x00000000      0x256 .\CortexM0\ARM_GCC_541\Debug\Radio.o
 .debug_abbrev  0x00000256      0x1c6 .\CortexM0\ARM_GCC_541\Debug\RApp.o
 .debug_abbrev  0x0000041c      0x181 .\CortexM0\ARM_GCC_541\Debug\RMAC.o
 .debug_abbrev  0x0000059d      0x129 .\CortexM0\ARM_GCC_541\Debug\RMSG.o
 .debug_abbrev  0x000006c6       0xb0 .\CortexM0\ARM_GCC_541\Debug\RNET1.o
 .debug_abbrev  0x00000776      0x1a5 .\CortexM0\ARM_GCC_541\Debug\RNWK.o
 .debug_abbrev  0x0000091b       0xfb .\CortexM0\ARM_GCC_541\Debug\RPHY.o
 .debug_abbrev  0x00000a16       0x60 .\CortexM0\ARM_GCC_541\Debug\RStack.o
 .debug_abbrev  0x00000a76      0x1b8 .\CortexM0\ARM_GCC_541\Debug\port.o
 .debug_abbrev  0x00000c2e       0x26 .\CortexM0\ARM_GCC_541\Debug\croutine.o
 .debug_abbrev  0x00000c54      0x184 .\CortexM0\ARM_GCC_541\Debug\event_groups.o
 .debug_abbrev  0x00000dd8       0xe3 .\CortexM0\ARM_GCC_541\Debug\list.o
 .debug_abbrev  0x00000ebb      0x251 .\CortexM0\ARM_GCC_541\Debug\queue.o
 .debug_abbrev  0x0000110c      0x1d7 .\CortexM0\ARM_GCC_541\Debug\stream_buffer.o
 .debug_abbrev  0x000012e3      0x26d .\CortexM0\ARM_GCC_541\Debug\tasks.o
 .debug_abbrev  0x00001550       0x26 .\CortexM0\ARM_GCC_541\Debug\timers.o
 .debug_abbrev  0x00001576      0x15e .\CortexM0\ARM_GCC_541\Debug\heap_1.o
 .debug_abbrev  0x000016d4      0x12f .\CortexM0\ARM_GCC_541\Debug\main.o
 .debug_abbrev  0x00001803      0x19a .\CortexM0\ARM_GCC_541\Debug\RNet_App.o
 .debug_abbrev  0x0000199d      0x150 .\CortexM0\ARM_GCC_541\Debug\cyfitter_cfg.o
 .debug_abbrev  0x00001aed       0x5d .\CortexM0\ARM_GCC_541\Debug\cymetadata.o
 .debug_abbrev  0x00001b4a      0x1d7 .\CortexM0\ARM_GCC_541\Debug\Cm0Start.o
 .debug_abbrev  0x00001d21      0x1e0 .\CortexM0\ARM_GCC_541\Debug\v01.a(CyLib.o)
 .debug_abbrev  0x00001f01      0x210 .\CortexM0\ARM_GCC_541\Debug\v01.a(CyLFClk.o)
 .debug_abbrev  0x00002111      0x1ba .\CortexM0\ARM_GCC_541\Debug\v01.a(RF1_FUNCS.o)
 .debug_abbrev  0x000022cb      0x1a8 .\CortexM0\ARM_GCC_541\Debug\v01.a(RF1_LL_SPI.o)
 .debug_abbrev  0x00002473      0x181 .\CortexM0\ARM_GCC_541\Debug\v01.a(RF1_COMMANDS.o)
 .debug_abbrev  0x000025f4      0x109 .\CortexM0\ARM_GCC_541\Debug\v01.a(UART.o)
 .debug_abbrev  0x000026fd       0xc8 .\CortexM0\ARM_GCC_541\Debug\v01.a(LED_G.o)
 .debug_abbrev  0x000027c5       0xc8 .\CortexM0\ARM_GCC_541\Debug\v01.a(LED_B.o)
 .debug_abbrev  0x0000288d       0x14 .\CortexM0\ARM_GCC_541\Debug\v01.a(CyBootAsmGnu.o)
 .debug_abbrev  0x000028a1       0x14 .\CortexM0\ARM_GCC_541\Debug\v01.a(UART_AsmGnu.o)
 .debug_abbrev  0x000028b5       0xed .\CortexM0\ARM_GCC_541\Debug\v01.a(SPI.o)
 .debug_abbrev  0x000029a2      0x14f .\CortexM0\ARM_GCC_541\Debug\v01.a(SPI_SPI_UART.o)
 .debug_abbrev  0x00002af1       0xec .\CortexM0\ARM_GCC_541\Debug\v01.a(SPI_SPI.o)
 .debug_abbrev  0x00002bdd       0xc8 .\CortexM0\ARM_GCC_541\Debug\v01.a(SS.o)
 .debug_abbrev  0x00002ca5       0xc8 .\CortexM0\ARM_GCC_541\Debug\v01.a(CE.o)
 .debug_abbrev  0x00002d6d       0xc8 .\CortexM0\ARM_GCC_541\Debug\v01.a(SPI_sclk_m.o)

.debug_line     0x00000000     0x5e62
 *(.debug_line)
 .debug_line    0x00000000      0x3b8 .\CortexM0\ARM_GCC_541\Debug\Radio.o
 .debug_line    0x000003b8      0x2ee .\CortexM0\ARM_GCC_541\Debug\RApp.o
 .debug_line    0x000006a6      0x2f3 .\CortexM0\ARM_GCC_541\Debug\RMAC.o
 .debug_line    0x00000999      0x33a .\CortexM0\ARM_GCC_541\Debug\RMSG.o
 .debug_line    0x00000cd3      0x1ab .\CortexM0\ARM_GCC_541\Debug\RNET1.o
 .debug_line    0x00000e7e      0x2c2 .\CortexM0\ARM_GCC_541\Debug\RNWK.o
 .debug_line    0x00001140      0x253 .\CortexM0\ARM_GCC_541\Debug\RPHY.o
 .debug_line    0x00001393       0x9a .\CortexM0\ARM_GCC_541\Debug\RStack.o
 .debug_line    0x0000142d      0x2c3 .\CortexM0\ARM_GCC_541\Debug\port.o
 .debug_line    0x000016f0       0x1d .\CortexM0\ARM_GCC_541\Debug\croutine.o
 .debug_line    0x0000170d      0x304 .\CortexM0\ARM_GCC_541\Debug\event_groups.o
 .debug_line    0x00001a11      0x1fd .\CortexM0\ARM_GCC_541\Debug\list.o
 .debug_line    0x00001c0e      0x76a .\CortexM0\ARM_GCC_541\Debug\queue.o
 .debug_line    0x00002378      0x492 .\CortexM0\ARM_GCC_541\Debug\stream_buffer.o
 .debug_line    0x0000280a      0xbb2 .\CortexM0\ARM_GCC_541\Debug\tasks.o
 .debug_line    0x000033bc       0x1d .\CortexM0\ARM_GCC_541\Debug\timers.o
 .debug_line    0x000033d9      0x265 .\CortexM0\ARM_GCC_541\Debug\heap_1.o
 .debug_line    0x0000363e      0x1f4 .\CortexM0\ARM_GCC_541\Debug\main.o
 .debug_line    0x00003832      0x282 .\CortexM0\ARM_GCC_541\Debug\RNet_App.o
 .debug_line    0x00003ab4      0x134 .\CortexM0\ARM_GCC_541\Debug\cyfitter_cfg.o
 .debug_line    0x00003be8      0x141 .\CortexM0\ARM_GCC_541\Debug\cymetadata.o
 .debug_line    0x00003d29      0x235 .\CortexM0\ARM_GCC_541\Debug\Cm0Start.o
 .debug_line    0x00003f5e      0x45f .\CortexM0\ARM_GCC_541\Debug\v01.a(CyLib.o)
 .debug_line    0x000043bd      0x466 .\CortexM0\ARM_GCC_541\Debug\v01.a(CyLFClk.o)
 .debug_line    0x00004823      0x78e .\CortexM0\ARM_GCC_541\Debug\v01.a(RF1_FUNCS.o)
 .debug_line    0x00004fb1      0x2e3 .\CortexM0\ARM_GCC_541\Debug\v01.a(RF1_LL_SPI.o)
 .debug_line    0x00005294      0x31d .\CortexM0\ARM_GCC_541\Debug\v01.a(RF1_COMMANDS.o)
 .debug_line    0x000055b1       0xea .\CortexM0\ARM_GCC_541\Debug\v01.a(UART.o)
 .debug_line    0x0000569b       0xbd .\CortexM0\ARM_GCC_541\Debug\v01.a(LED_G.o)
 .debug_line    0x00005758       0xbd .\CortexM0\ARM_GCC_541\Debug\v01.a(LED_B.o)
 .debug_line    0x00005815       0x69 .\CortexM0\ARM_GCC_541\Debug\v01.a(CyBootAsmGnu.o)
 .debug_line    0x0000587e       0x9d .\CortexM0\ARM_GCC_541\Debug\v01.a(UART_AsmGnu.o)
 .debug_line    0x0000591b      0x127 .\CortexM0\ARM_GCC_541\Debug\v01.a(SPI.o)
 .debug_line    0x00005a42      0x119 .\CortexM0\ARM_GCC_541\Debug\v01.a(SPI_SPI_UART.o)
 .debug_line    0x00005b5b       0xd2 .\CortexM0\ARM_GCC_541\Debug\v01.a(SPI_SPI.o)
 .debug_line    0x00005c2d       0xb9 .\CortexM0\ARM_GCC_541\Debug\v01.a(SS.o)
 .debug_line    0x00005ce6       0xba .\CortexM0\ARM_GCC_541\Debug\v01.a(CE.o)
 .debug_line    0x00005da0       0xc2 .\CortexM0\ARM_GCC_541\Debug\v01.a(SPI_sclk_m.o)

.debug_frame    0x00000000     0x318c
 *(.debug_frame)
 .debug_frame   0x00000000      0x198 .\CortexM0\ARM_GCC_541\Debug\Radio.o
 .debug_frame   0x00000198      0x144 .\CortexM0\ARM_GCC_541\Debug\RApp.o
 .debug_frame   0x000002dc      0x104 .\CortexM0\ARM_GCC_541\Debug\RMAC.o
 .debug_frame   0x000003e0      0x16c .\CortexM0\ARM_GCC_541\Debug\RMSG.o
 .debug_frame   0x0000054c       0xac .\CortexM0\ARM_GCC_541\Debug\RNET1.o
 .debug_frame   0x000005f8       0xe0 .\CortexM0\ARM_GCC_541\Debug\RNWK.o
 .debug_frame   0x000006d8       0xd8 .\CortexM0\ARM_GCC_541\Debug\RPHY.o
 .debug_frame   0x000007b0       0x48 .\CortexM0\ARM_GCC_541\Debug\RStack.o
 .debug_frame   0x000007f8      0x118 .\CortexM0\ARM_GCC_541\Debug\port.o
 .debug_frame   0x00000910      0x144 .\CortexM0\ARM_GCC_541\Debug\event_groups.o
 .debug_frame   0x00000a54       0x6c .\CortexM0\ARM_GCC_541\Debug\list.o
 .debug_frame   0x00000ac0      0x450 .\CortexM0\ARM_GCC_541\Debug\queue.o
 .debug_frame   0x00000f10      0x294 .\CortexM0\ARM_GCC_541\Debug\stream_buffer.o
 .debug_frame   0x000011a4      0x60c .\CortexM0\ARM_GCC_541\Debug\tasks.o
 .debug_frame   0x000017b0       0x60 .\CortexM0\ARM_GCC_541\Debug\heap_1.o
 .debug_frame   0x00001810       0x68 .\CortexM0\ARM_GCC_541\Debug\main.o
 .debug_frame   0x00001878       0x9c .\CortexM0\ARM_GCC_541\Debug\RNet_App.o
 .debug_frame   0x00001914       0x68 .\CortexM0\ARM_GCC_541\Debug\cyfitter_cfg.o
 .debug_frame   0x0000197c       0xbc .\CortexM0\ARM_GCC_541\Debug\Cm0Start.o
 .debug_frame   0x00001a38      0x3e0 .\CortexM0\ARM_GCC_541\Debug\v01.a(CyLib.o)
 .debug_frame   0x00001e18      0x3a8 .\CortexM0\ARM_GCC_541\Debug\v01.a(CyLFClk.o)
 .debug_frame   0x000021c0      0x7b0 .\CortexM0\ARM_GCC_541\Debug\v01.a(RF1_FUNCS.o)
 .debug_frame   0x00002970      0x108 .\CortexM0\ARM_GCC_541\Debug\v01.a(RF1_LL_SPI.o)
 .debug_frame   0x00002a78      0x140 .\CortexM0\ARM_GCC_541\Debug\v01.a(RF1_COMMANDS.o)
 .debug_frame   0x00002bb8       0xc8 .\CortexM0\ARM_GCC_541\Debug\v01.a(UART.o)
 .debug_frame   0x00002c80       0x70 .\CortexM0\ARM_GCC_541\Debug\v01.a(LED_G.o)
 .debug_frame   0x00002cf0       0x70 .\CortexM0\ARM_GCC_541\Debug\v01.a(LED_B.o)
 .debug_frame   0x00002d60       0xe8 .\CortexM0\ARM_GCC_541\Debug\v01.a(SPI.o)
 .debug_frame   0x00002e48       0xb0 .\CortexM0\ARM_GCC_541\Debug\v01.a(SPI_SPI_UART.o)
 .debug_frame   0x00002ef8       0x68 .\CortexM0\ARM_GCC_541\Debug\v01.a(SPI_SPI.o)
 .debug_frame   0x00002f60       0x70 .\CortexM0\ARM_GCC_541\Debug\v01.a(SS.o)
 .debug_frame   0x00002fd0       0x70 .\CortexM0\ARM_GCC_541\Debug\v01.a(CE.o)
 .debug_frame   0x00003040       0x70 .\CortexM0\ARM_GCC_541\Debug\v01.a(SPI_sclk_m.o)
 .debug_frame   0x000030b0       0x20 c:/program files (x86)/cypress/psoc creator/4.1/psoc creator/import/gnu/arm/5.4.1/bin/../lib/gcc/arm-none-eabi/5.4.1/armv6-m\libgcc.a(_udivsi3.o)
 .debug_frame   0x000030d0       0x20 c:/program files (x86)/cypress/psoc creator/4.1/psoc creator/import/gnu/arm/5.4.1/bin/../lib/gcc/arm-none-eabi/5.4.1/../../../../arm-none-eabi/lib/armv6-m\libg_nano.a(lib_a-errno.o)
 .debug_frame   0x000030f0       0x28 c:/program files (x86)/cypress/psoc creator/4.1/psoc creator/import/gnu/arm/5.4.1/bin/../lib/gcc/arm-none-eabi/5.4.1/../../../../arm-none-eabi/lib/armv6-m\libg_nano.a(lib_a-exit.o)
 .debug_frame   0x00003118       0x2c c:/program files (x86)/cypress/psoc creator/4.1/psoc creator/import/gnu/arm/5.4.1/bin/../lib/gcc/arm-none-eabi/5.4.1/../../../../arm-none-eabi/lib/armv6-m\libg_nano.a(lib_a-init.o)
 .debug_frame   0x00003144       0x28 c:/program files (x86)/cypress/psoc creator/4.1/psoc creator/import/gnu/arm/5.4.1/bin/../lib/gcc/arm-none-eabi/5.4.1/../../../../arm-none-eabi/lib/armv6-m\libg_nano.a(lib_a-memcpy-stub.o)
 .debug_frame   0x0000316c       0x20 c:/program files (x86)/cypress/psoc creator/4.1/psoc creator/import/gnu/arm/5.4.1/bin/../lib/gcc/arm-none-eabi/5.4.1/../../../../arm-none-eabi/lib/armv6-m\libg_nano.a(lib_a-memset.o)

.debug_str      0x00000000     0x4eb8
 *(.debug_str)
 .debug_str     0x00000000      0xdc9 .\CortexM0\ARM_GCC_541\Debug\Radio.o
                                0xe29 (size before relaxing)
 .debug_str     0x00000dc9      0x1dc .\CortexM0\ARM_GCC_541\Debug\RApp.o
                                0x566 (size before relaxing)
 .debug_str     0x00000fa5      0x18a .\CortexM0\ARM_GCC_541\Debug\RMAC.o
                                0x510 (size before relaxing)
 .debug_str     0x0000112f      0x198 .\CortexM0\ARM_GCC_541\Debug\RMSG.o
                                0x57a (size before relaxing)
 .debug_str     0x000012c7       0x7f .\CortexM0\ARM_GCC_541\Debug\RNET1.o
                                0x214 (size before relaxing)
 .debug_str     0x00001346       0x81 .\CortexM0\ARM_GCC_541\Debug\RNWK.o
                                0x57f (size before relaxing)
 .debug_str     0x000013c7       0x25 .\CortexM0\ARM_GCC_541\Debug\RPHY.o
                                0x2b4 (size before relaxing)
 .debug_str     0x000013ec       0x11 .\CortexM0\ARM_GCC_541\Debug\RStack.o
                                0x205 (size before relaxing)
 .debug_str     0x000013fd      0x1ce .\CortexM0\ARM_GCC_541\Debug\port.o
                                0x51b (size before relaxing)
 .debug_str     0x000015cb       0x17 .\CortexM0\ARM_GCC_541\Debug\croutine.o
                                0x180 (size before relaxing)
 .debug_str     0x000015e2      0x3bc .\CortexM0\ARM_GCC_541\Debug\event_groups.o
                                0x5f6 (size before relaxing)
 .debug_str     0x0000199e       0x90 .\CortexM0\ARM_GCC_541\Debug\list.o
                                0x2cf (size before relaxing)
 .debug_str     0x00001a2e      0x67c .\CortexM0\ARM_GCC_541\Debug\queue.o
                                0xc72 (size before relaxing)
 .debug_str     0x000020aa      0x482 .\CortexM0\ARM_GCC_541\Debug\stream_buffer.o
                                0x7bb (size before relaxing)
 .debug_str     0x0000252c      0x8e4 .\CortexM0\ARM_GCC_541\Debug\tasks.o
                               0x1166 (size before relaxing)
 .debug_str     0x00002e10       0x15 .\CortexM0\ARM_GCC_541\Debug\timers.o
                                0x17e (size before relaxing)
 .debug_str     0x00002e25       0x9e .\CortexM0\ARM_GCC_541\Debug\heap_1.o
                                0x42d (size before relaxing)
 .debug_str     0x00002ec3       0xb2 .\CortexM0\ARM_GCC_541\Debug\main.o
                                0x2bc (size before relaxing)
 .debug_str     0x00002f75       0xca .\CortexM0\ARM_GCC_541\Debug\RNet_App.o
                                0x5aa (size before relaxing)
 .debug_str     0x0000303f       0xb4 .\CortexM0\ARM_GCC_541\Debug\cyfitter_cfg.o
                                0x238 (size before relaxing)
 .debug_str     0x000030f3       0x59 .\CortexM0\ARM_GCC_541\Debug\cymetadata.o
                                0x1b6 (size before relaxing)
 .debug_str     0x0000314c      0x128 .\CortexM0\ARM_GCC_541\Debug\Cm0Start.o
                                0x2ef (size before relaxing)
 .debug_str     0x00003274      0x4c5 .\CortexM0\ARM_GCC_541\Debug\v01.a(CyLib.o)
                                0x6b2 (size before relaxing)
 .debug_str     0x00003739      0x52b .\CortexM0\ARM_GCC_541\Debug\v01.a(CyLFClk.o)
                                0x72b (size before relaxing)
 .debug_str     0x00003c64      0xaf2 .\CortexM0\ARM_GCC_541\Debug\v01.a(RF1_FUNCS.o)
                               0x11eb (size before relaxing)
 .debug_str     0x00004756      0x1a9 .\CortexM0\ARM_GCC_541\Debug\v01.a(RF1_LL_SPI.o)
                                0x57f (size before relaxing)
 .debug_str     0x000048ff       0x3f .\CortexM0\ARM_GCC_541\Debug\v01.a(RF1_COMMANDS.o)
                                0x454 (size before relaxing)
 .debug_str     0x0000493e       0xf4 .\CortexM0\ARM_GCC_541\Debug\v01.a(UART.o)
                                0x285 (size before relaxing)
 .debug_str     0x00004a32       0x9f .\CortexM0\ARM_GCC_541\Debug\v01.a(LED_G.o)
                                0x224 (size before relaxing)
 .debug_str     0x00004ad1       0x7b .\CortexM0\ARM_GCC_541\Debug\v01.a(LED_B.o)
                                0x224 (size before relaxing)
 .debug_str     0x00004b4c      0x102 .\CortexM0\ARM_GCC_541\Debug\v01.a(SPI.o)
                                0x28f (size before relaxing)
 .debug_str     0x00004c4e       0x9d .\CortexM0\ARM_GCC_541\Debug\v01.a(SPI_SPI_UART.o)
                                0x2b2 (size before relaxing)
 .debug_str     0x00004ceb       0x62 .\CortexM0\ARM_GCC_541\Debug\v01.a(SPI_SPI.o)
                                0x218 (size before relaxing)
 .debug_str     0x00004d4d       0x69 .\CortexM0\ARM_GCC_541\Debug\v01.a(SS.o)
                                0x20f (size before relaxing)
 .debug_str     0x00004db6       0x69 .\CortexM0\ARM_GCC_541\Debug\v01.a(CE.o)
                                0x20f (size before relaxing)
 .debug_str     0x00004e1f       0x99 .\CortexM0\ARM_GCC_541\Debug\v01.a(SPI_sclk_m.o)
                                0x247 (size before relaxing)

.debug_loc      0x00000000     0x85bb
 *(.debug_loc)
 .debug_loc     0x00000000      0x215 .\CortexM0\ARM_GCC_541\Debug\Radio.o
 .debug_loc     0x00000215      0x494 .\CortexM0\ARM_GCC_541\Debug\RApp.o
 .debug_loc     0x000006a9      0x30a .\CortexM0\ARM_GCC_541\Debug\RMAC.o
 .debug_loc     0x000009b3      0x652 .\CortexM0\ARM_GCC_541\Debug\RMSG.o
 .debug_loc     0x00001005       0x21 .\CortexM0\ARM_GCC_541\Debug\RNET1.o
 .debug_loc     0x00001026      0x21c .\CortexM0\ARM_GCC_541\Debug\RNWK.o
 .debug_loc     0x00001242      0x108 .\CortexM0\ARM_GCC_541\Debug\RPHY.o
 .debug_loc     0x0000134a       0xa6 .\CortexM0\ARM_GCC_541\Debug\port.o
 .debug_loc     0x000013f0      0x817 .\CortexM0\ARM_GCC_541\Debug\event_groups.o
 .debug_loc     0x00001c07       0x65 .\CortexM0\ARM_GCC_541\Debug\list.o
 .debug_loc     0x00001c6c     0x1a75 .\CortexM0\ARM_GCC_541\Debug\queue.o
 .debug_loc     0x000036e1     0x120d .\CortexM0\ARM_GCC_541\Debug\stream_buffer.o
 .debug_loc     0x000048ee     0x1814 .\CortexM0\ARM_GCC_541\Debug\tasks.o
 .debug_loc     0x00006102       0x5f .\CortexM0\ARM_GCC_541\Debug\heap_1.o
 .debug_loc     0x00006161       0xfc .\CortexM0\ARM_GCC_541\Debug\RNet_App.o
 .debug_loc     0x0000625d       0xa9 .\CortexM0\ARM_GCC_541\Debug\cyfitter_cfg.o
 .debug_loc     0x00006306      0x14f .\CortexM0\ARM_GCC_541\Debug\Cm0Start.o
 .debug_loc     0x00006455      0x5cb .\CortexM0\ARM_GCC_541\Debug\v01.a(CyLib.o)
 .debug_loc     0x00006a20      0x9b5 .\CortexM0\ARM_GCC_541\Debug\v01.a(CyLFClk.o)
 .debug_loc     0x000073d5      0x76e .\CortexM0\ARM_GCC_541\Debug\v01.a(RF1_FUNCS.o)
 .debug_loc     0x00007b43      0x2e5 .\CortexM0\ARM_GCC_541\Debug\v01.a(RF1_LL_SPI.o)
 .debug_loc     0x00007e28      0x20a .\CortexM0\ARM_GCC_541\Debug\v01.a(RF1_COMMANDS.o)
 .debug_loc     0x00008032      0x12d .\CortexM0\ARM_GCC_541\Debug\v01.a(UART.o)
 .debug_loc     0x0000815f       0xa2 .\CortexM0\ARM_GCC_541\Debug\v01.a(LED_G.o)
 .debug_loc     0x00008201       0xa2 .\CortexM0\ARM_GCC_541\Debug\v01.a(LED_B.o)
 .debug_loc     0x000082a3       0x7e .\CortexM0\ARM_GCC_541\Debug\v01.a(SPI.o)
 .debug_loc     0x00008321       0x96 .\CortexM0\ARM_GCC_541\Debug\v01.a(SPI_SPI_UART.o)
 .debug_loc     0x000083b7       0x3f .\CortexM0\ARM_GCC_541\Debug\v01.a(SPI_SPI.o)
 .debug_loc     0x000083f6       0x81 .\CortexM0\ARM_GCC_541\Debug\v01.a(SS.o)
 .debug_loc     0x00008477       0xa2 .\CortexM0\ARM_GCC_541\Debug\v01.a(CE.o)
 .debug_loc     0x00008519       0xa2 .\CortexM0\ARM_GCC_541\Debug\v01.a(SPI_sclk_m.o)

.debug_macinfo
 *(.debug_macinfo)

.debug_ranges   0x00000000     0x1068
 *(.debug_ranges)
 .debug_ranges  0x00000000       0x80 .\CortexM0\ARM_GCC_541\Debug\Radio.o
 .debug_ranges  0x00000080       0x60 .\CortexM0\ARM_GCC_541\Debug\RApp.o
 .debug_ranges  0x000000e0       0x60 .\CortexM0\ARM_GCC_541\Debug\RMAC.o
 .debug_ranges  0x00000140       0x80 .\CortexM0\ARM_GCC_541\Debug\RMSG.o
 .debug_ranges  0x000001c0       0x38 .\CortexM0\ARM_GCC_541\Debug\RNET1.o
 .debug_ranges  0x000001f8       0x50 .\CortexM0\ARM_GCC_541\Debug\RNWK.o
 .debug_ranges  0x00000248       0x48 .\CortexM0\ARM_GCC_541\Debug\RPHY.o
 .debug_ranges  0x00000290       0x18 .\CortexM0\ARM_GCC_541\Debug\RStack.o
 .debug_ranges  0x000002a8       0x78 .\CortexM0\ARM_GCC_541\Debug\port.o
 .debug_ranges  0x00000320       0x70 .\CortexM0\ARM_GCC_541\Debug\event_groups.o
 .debug_ranges  0x00000390       0x30 .\CortexM0\ARM_GCC_541\Debug\list.o
 .debug_ranges  0x000003c0      0x190 .\CortexM0\ARM_GCC_541\Debug\queue.o
 .debug_ranges  0x00000550       0xa8 .\CortexM0\ARM_GCC_541\Debug\stream_buffer.o
 .debug_ranges  0x000005f8      0x1f8 .\CortexM0\ARM_GCC_541\Debug\tasks.o
 .debug_ranges  0x000007f0       0x28 .\CortexM0\ARM_GCC_541\Debug\heap_1.o
 .debug_ranges  0x00000818       0x28 .\CortexM0\ARM_GCC_541\Debug\main.o
 .debug_ranges  0x00000840       0x30 .\CortexM0\ARM_GCC_541\Debug\RNet_App.o
 .debug_ranges  0x00000870       0x20 .\CortexM0\ARM_GCC_541\Debug\cyfitter_cfg.o
 .debug_ranges  0x00000890       0x38 .\CortexM0\ARM_GCC_541\Debug\Cm0Start.o
 .debug_ranges  0x000008c8      0x170 .\CortexM0\ARM_GCC_541\Debug\v01.a(CyLib.o)
 .debug_ranges  0x00000a38      0x128 .\CortexM0\ARM_GCC_541\Debug\v01.a(CyLFClk.o)
 .debug_ranges  0x00000b60      0x248 .\CortexM0\ARM_GCC_541\Debug\v01.a(RF1_FUNCS.o)
 .debug_ranges  0x00000da8       0x48 .\CortexM0\ARM_GCC_541\Debug\v01.a(RF1_LL_SPI.o)
 .debug_ranges  0x00000df0       0x58 .\CortexM0\ARM_GCC_541\Debug\v01.a(RF1_COMMANDS.o)
 .debug_ranges  0x00000e48       0x40 .\CortexM0\ARM_GCC_541\Debug\v01.a(UART.o)
 .debug_ranges  0x00000e88       0x38 .\CortexM0\ARM_GCC_541\Debug\v01.a(LED_G.o)
 .debug_ranges  0x00000ec0       0x38 .\CortexM0\ARM_GCC_541\Debug\v01.a(LED_B.o)
 .debug_ranges  0x00000ef8       0x50 .\CortexM0\ARM_GCC_541\Debug\v01.a(SPI.o)
 .debug_ranges  0x00000f48       0x50 .\CortexM0\ARM_GCC_541\Debug\v01.a(SPI_SPI_UART.o)
 .debug_ranges  0x00000f98       0x28 .\CortexM0\ARM_GCC_541\Debug\v01.a(SPI_SPI.o)
 .debug_ranges  0x00000fc0       0x38 .\CortexM0\ARM_GCC_541\Debug\v01.a(SS.o)
 .debug_ranges  0x00000ff8       0x38 .\CortexM0\ARM_GCC_541\Debug\v01.a(CE.o)
 .debug_ranges  0x00001030       0x38 .\CortexM0\ARM_GCC_541\Debug\v01.a(SPI_sclk_m.o)

.comment        0x00000000       0x6e
 .comment       0x00000000       0x6e .\CortexM0\ARM_GCC_541\Debug\Radio.o
                                 0x6f (size before relaxing)
 .comment       0x0000006e       0x6f .\CortexM0\ARM_GCC_541\Debug\RApp.o
 .comment       0x0000006e       0x6f .\CortexM0\ARM_GCC_541\Debug\RMAC.o
 .comment       0x0000006e       0x6f .\CortexM0\ARM_GCC_541\Debug\RMSG.o
 .comment       0x0000006e       0x6f .\CortexM0\ARM_GCC_541\Debug\RNET1.o
 .comment       0x0000006e       0x6f .\CortexM0\ARM_GCC_541\Debug\RNWK.o
 .comment       0x0000006e       0x6f .\CortexM0\ARM_GCC_541\Debug\RPHY.o
 .comment       0x0000006e       0x6f .\CortexM0\ARM_GCC_541\Debug\RStack.o
 .comment       0x0000006e       0x6f .\CortexM0\ARM_GCC_541\Debug\port.o
 .comment       0x0000006e       0x6f .\CortexM0\ARM_GCC_541\Debug\croutine.o
 .comment       0x0000006e       0x6f .\CortexM0\ARM_GCC_541\Debug\event_groups.o
 .comment       0x0000006e       0x6f .\CortexM0\ARM_GCC_541\Debug\list.o
 .comment       0x0000006e       0x6f .\CortexM0\ARM_GCC_541\Debug\queue.o
 .comment       0x0000006e       0x6f .\CortexM0\ARM_GCC_541\Debug\stream_buffer.o
 .comment       0x0000006e       0x6f .\CortexM0\ARM_GCC_541\Debug\tasks.o
 .comment       0x0000006e       0x6f .\CortexM0\ARM_GCC_541\Debug\timers.o
 .comment       0x0000006e       0x6f .\CortexM0\ARM_GCC_541\Debug\heap_1.o
 .comment       0x0000006e       0x6f .\CortexM0\ARM_GCC_541\Debug\main.o
 .comment       0x0000006e       0x6f .\CortexM0\ARM_GCC_541\Debug\RNet_App.o
 .comment       0x0000006e       0x6f .\CortexM0\ARM_GCC_541\Debug\cyfitter_cfg.o
 .comment       0x0000006e       0x6f .\CortexM0\ARM_GCC_541\Debug\cymetadata.o
 .comment       0x0000006e       0x6f .\CortexM0\ARM_GCC_541\Debug\Cm0Start.o
 .comment       0x0000006e       0x6f .\CortexM0\ARM_GCC_541\Debug\v01.a(CyLib.o)
 .comment       0x0000006e       0x6f .\CortexM0\ARM_GCC_541\Debug\v01.a(CyLFClk.o)
 .comment       0x0000006e       0x6f .\CortexM0\ARM_GCC_541\Debug\v01.a(RF1_FUNCS.o)
 .comment       0x0000006e       0x6f .\CortexM0\ARM_GCC_541\Debug\v01.a(RF1_LL_SPI.o)
 .comment       0x0000006e       0x6f .\CortexM0\ARM_GCC_541\Debug\v01.a(RF1_COMMANDS.o)
 .comment       0x0000006e       0x6f .\CortexM0\ARM_GCC_541\Debug\v01.a(UART.o)
 .comment       0x0000006e       0x6f .\CortexM0\ARM_GCC_541\Debug\v01.a(LED_G.o)
 .comment       0x0000006e       0x6f .\CortexM0\ARM_GCC_541\Debug\v01.a(LED_B.o)
 .comment       0x0000006e       0x6f .\CortexM0\ARM_GCC_541\Debug\v01.a(SPI.o)
 .comment       0x0000006e       0x6f .\CortexM0\ARM_GCC_541\Debug\v01.a(SPI_SPI_UART.o)
 .comment       0x0000006e       0x6f .\CortexM0\ARM_GCC_541\Debug\v01.a(SPI_SPI.o)
 .comment       0x0000006e       0x6f .\CortexM0\ARM_GCC_541\Debug\v01.a(SS.o)
 .comment       0x0000006e       0x6f .\CortexM0\ARM_GCC_541\Debug\v01.a(CE.o)
 .comment       0x0000006e       0x6f .\CortexM0\ARM_GCC_541\Debug\v01.a(SPI_sclk_m.o)

.debug_weaknames
 *(.debug_weaknames)

.debug_funcnames
 *(.debug_funcnames)

.debug_typenames
 *(.debug_typenames)

.debug_varnames
 *(.debug_varnames)

.note.gnu.arm.ident
 *(.note.gnu.arm.ident)

.ARM.attributes
                0x00000000       0x28
 *(.ARM.attributes)
 .ARM.attributes
                0x00000000       0x1e c:/program files (x86)/cypress/psoc creator/4.1/psoc creator/import/gnu/arm/5.4.1/bin/../lib/gcc/arm-none-eabi/5.4.1/armv6-m/crti.o
 .ARM.attributes
                0x0000001e       0x2c c:/program files (x86)/cypress/psoc creator/4.1/psoc creator/import/gnu/arm/5.4.1/bin/../lib/gcc/arm-none-eabi/5.4.1/armv6-m/crtbegin.o
 .ARM.attributes
                0x0000004a       0x1b c:/program files (x86)/cypress/psoc creator/4.1/psoc creator/import/gnu/arm/5.4.1/bin/../lib/gcc/arm-none-eabi/5.4.1/../../../../arm-none-eabi/lib/armv6-m/crt0.o
 .ARM.attributes
                0x00000065       0x31 .\CortexM0\ARM_GCC_541\Debug\Radio.o
 .ARM.attributes
                0x00000096       0x31 .\CortexM0\ARM_GCC_541\Debug\RApp.o
 .ARM.attributes
                0x000000c7       0x31 .\CortexM0\ARM_GCC_541\Debug\RMAC.o
 .ARM.attributes
                0x000000f8       0x31 .\CortexM0\ARM_GCC_541\Debug\RMSG.o
 .ARM.attributes
                0x00000129       0x31 .\CortexM0\ARM_GCC_541\Debug\RNET1.o
 .ARM.attributes
                0x0000015a       0x31 .\CortexM0\ARM_GCC_541\Debug\RNWK.o
 .ARM.attributes
                0x0000018b       0x31 .\CortexM0\ARM_GCC_541\Debug\RPHY.o
 .ARM.attributes
                0x000001bc       0x31 .\CortexM0\ARM_GCC_541\Debug\RStack.o
 .ARM.attributes
                0x000001ed       0x31 .\CortexM0\ARM_GCC_541\Debug\port.o
 .ARM.attributes
                0x0000021e       0x31 .\CortexM0\ARM_GCC_541\Debug\croutine.o
 .ARM.attributes
                0x0000024f       0x31 .\CortexM0\ARM_GCC_541\Debug\event_groups.o
 .ARM.attributes
                0x00000280       0x31 .\CortexM0\ARM_GCC_541\Debug\list.o
 .ARM.attributes
                0x000002b1       0x31 .\CortexM0\ARM_GCC_541\Debug\queue.o
 .ARM.attributes
                0x000002e2       0x31 .\CortexM0\ARM_GCC_541\Debug\stream_buffer.o
 .ARM.attributes
                0x00000313       0x31 .\CortexM0\ARM_GCC_541\Debug\tasks.o
 .ARM.attributes
                0x00000344       0x31 .\CortexM0\ARM_GCC_541\Debug\timers.o
 .ARM.attributes
                0x00000375       0x31 .\CortexM0\ARM_GCC_541\Debug\heap_1.o
 .ARM.attributes
                0x000003a6       0x31 .\CortexM0\ARM_GCC_541\Debug\main.o
 .ARM.attributes
                0x000003d7       0x31 .\CortexM0\ARM_GCC_541\Debug\RNet_App.o
 .ARM.attributes
                0x00000408       0x31 .\CortexM0\ARM_GCC_541\Debug\cyfitter_cfg.o
 .ARM.attributes
                0x00000439       0x31 .\CortexM0\ARM_GCC_541\Debug\cymetadata.o
 .ARM.attributes
                0x0000046a       0x31 .\CortexM0\ARM_GCC_541\Debug\Cm0Start.o
 .ARM.attributes
                0x0000049b       0x31 .\CortexM0\ARM_GCC_541\Debug\v01.a(CyLib.o)
 .ARM.attributes
                0x000004cc       0x31 .\CortexM0\ARM_GCC_541\Debug\v01.a(CyLFClk.o)
 .ARM.attributes
                0x000004fd       0x31 .\CortexM0\ARM_GCC_541\Debug\v01.a(RF1_FUNCS.o)
 .ARM.attributes
                0x0000052e       0x31 .\CortexM0\ARM_GCC_541\Debug\v01.a(RF1_LL_SPI.o)
 .ARM.attributes
                0x0000055f       0x31 .\CortexM0\ARM_GCC_541\Debug\v01.a(RF1_COMMANDS.o)
 .ARM.attributes
                0x00000590       0x31 .\CortexM0\ARM_GCC_541\Debug\v01.a(UART.o)
 .ARM.attributes
                0x000005c1       0x31 .\CortexM0\ARM_GCC_541\Debug\v01.a(LED_G.o)
 .ARM.attributes
                0x000005f2       0x31 .\CortexM0\ARM_GCC_541\Debug\v01.a(LED_B.o)
 .ARM.attributes
                0x00000623       0x21 .\CortexM0\ARM_GCC_541\Debug\v01.a(CyBootAsmGnu.o)
 .ARM.attributes
                0x00000644       0x21 .\CortexM0\ARM_GCC_541\Debug\v01.a(UART_AsmGnu.o)
 .ARM.attributes
                0x00000665       0x31 .\CortexM0\ARM_GCC_541\Debug\v01.a(SPI.o)
 .ARM.attributes
                0x00000696       0x31 .\CortexM0\ARM_GCC_541\Debug\v01.a(SPI_SPI_UART.o)
 .ARM.attributes
                0x000006c7       0x31 .\CortexM0\ARM_GCC_541\Debug\v01.a(SPI_SPI.o)
 .ARM.attributes
                0x000006f8       0x31 .\CortexM0\ARM_GCC_541\Debug\v01.a(SS.o)
 .ARM.attributes
                0x00000729       0x31 .\CortexM0\ARM_GCC_541\Debug\v01.a(CE.o)
 .ARM.attributes
                0x0000075a       0x31 .\CortexM0\ARM_GCC_541\Debug\v01.a(SPI_sclk_m.o)
 .ARM.attributes
                0x0000078b       0x1e c:/program files (x86)/cypress/psoc creator/4.1/psoc creator/import/gnu/arm/5.4.1/bin/../lib/gcc/arm-none-eabi/5.4.1/armv6-m\libgcc.a(_udivsi3.o)
 .ARM.attributes
                0x000007a9       0x1e c:/program files (x86)/cypress/psoc creator/4.1/psoc creator/import/gnu/arm/5.4.1/bin/../lib/gcc/arm-none-eabi/5.4.1/armv6-m\libgcc.a(_dvmd_tls.o)
 .ARM.attributes
                0x000007c7       0x2c c:/program files (x86)/cypress/psoc creator/4.1/psoc creator/import/gnu/arm/5.4.1/bin/../lib/gcc/arm-none-eabi/5.4.1/../../../../arm-none-eabi/lib/armv6-m\libg_nano.a(lib_a-errno.o)
 .ARM.attributes
                0x000007f3       0x2c c:/program files (x86)/cypress/psoc creator/4.1/psoc creator/import/gnu/arm/5.4.1/bin/../lib/gcc/arm-none-eabi/5.4.1/../../../../arm-none-eabi/lib/armv6-m\libg_nano.a(lib_a-exit.o)
 .ARM.attributes
                0x0000081f       0x2c c:/program files (x86)/cypress/psoc creator/4.1/psoc creator/import/gnu/arm/5.4.1/bin/../lib/gcc/arm-none-eabi/5.4.1/../../../../arm-none-eabi/lib/armv6-m\libg_nano.a(lib_a-impure.o)
 .ARM.attributes
                0x0000084b       0x2c c:/program files (x86)/cypress/psoc creator/4.1/psoc creator/import/gnu/arm/5.4.1/bin/../lib/gcc/arm-none-eabi/5.4.1/../../../../arm-none-eabi/lib/armv6-m\libg_nano.a(lib_a-init.o)
 .ARM.attributes
                0x00000877       0x2c c:/program files (x86)/cypress/psoc creator/4.1/psoc creator/import/gnu/arm/5.4.1/bin/../lib/gcc/arm-none-eabi/5.4.1/../../../../arm-none-eabi/lib/armv6-m\libg_nano.a(lib_a-memcpy-stub.o)
 .ARM.attributes
                0x000008a3       0x2c c:/program files (x86)/cypress/psoc creator/4.1/psoc creator/import/gnu/arm/5.4.1/bin/../lib/gcc/arm-none-eabi/5.4.1/../../../../arm-none-eabi/lib/armv6-m\libg_nano.a(lib_a-memset.o)
 .ARM.attributes
                0x000008cf       0x2c c:/program files (x86)/cypress/psoc creator/4.1/psoc creator/import/gnu/arm/5.4.1/bin/../lib/gcc/arm-none-eabi/5.4.1/armv6-m/crtend.o
 .ARM.attributes
                0x000008fb       0x1e c:/program files (x86)/cypress/psoc creator/4.1/psoc creator/import/gnu/arm/5.4.1/bin/../lib/gcc/arm-none-eabi/5.4.1/armv6-m/crtn.o

/DISCARD/
 *(.note.GNU-stack)
OUTPUT(C:\Users\Xwx47\Documents\Creator\RNET\v01.cydsn\CortexM0\ARM_GCC_541\Debug\v01.elf elf32-littlearm)
